Component: ARM Compiler 5.06 update 5 (build 528) Tool: armlink [4d35e2]

==============================================================================

Section Cross References

    stm32f10x_it.o(i.DMA1_Channel1_IRQHandler) refers to stm32f10x_dma.o(i.DMA_GetFlagStatus) for DMA_GetFlagStatus
    stm32f10x_it.o(i.DMA1_Channel1_IRQHandler) refers to stm32f10x_dma.o(i.DMA_ClearFlag) for DMA_ClearFlag
    stm32f10x_it.o(i.DMA1_Channel1_IRQHandler) refers to ffltui.o(.text) for __aeabi_ui2f
    stm32f10x_it.o(i.DMA1_Channel1_IRQHandler) refers to fdiv.o(.text) for __aeabi_fdiv
    stm32f10x_it.o(i.DMA1_Channel1_IRQHandler) refers to stm32f10x_tim.o(i.TIM_Cmd) for TIM_Cmd
    stm32f10x_it.o(i.DMA1_Channel1_IRQHandler) refers to stm32f10x_dma.o(i.DMA_Cmd) for DMA_Cmd
    stm32f10x_it.o(i.DMA1_Channel1_IRQHandler) refers to stm32f10x_it.o(.data) for .data
    stm32f10x_it.o(i.DMA1_Channel1_IRQHandler) refers to main.o(.bss) for Capture
    stm32f10x_it.o(i.DMA1_Channel1_IRQHandler) refers to stm32f10x_it.o(.bss) for .bss
    stm32f10x_it.o(i.DMA1_Channel1_IRQHandler) refers to main.o(.data) for size
    stm32f10x_it.o(i.DMA1_Channel2_IRQHandler) refers to stm32f10x_dma.o(i.DMA_GetFlagStatus) for DMA_GetFlagStatus
    stm32f10x_it.o(i.DMA1_Channel2_IRQHandler) refers to stm32f10x_dma.o(i.DMA_ClearFlag) for DMA_ClearFlag
    stm32f10x_it.o(i.DMA1_Channel2_IRQHandler) refers to ffltui.o(.text) for __aeabi_ui2f
    stm32f10x_it.o(i.DMA1_Channel2_IRQHandler) refers to fdiv.o(.text) for __aeabi_fdiv
    stm32f10x_it.o(i.DMA1_Channel2_IRQHandler) refers to stm32f10x_tim.o(i.TIM_Cmd) for TIM_Cmd
    stm32f10x_it.o(i.DMA1_Channel2_IRQHandler) refers to stm32f10x_dma.o(i.DMA_Cmd) for DMA_Cmd
    stm32f10x_it.o(i.DMA1_Channel2_IRQHandler) refers to stm32f10x_it.o(.data) for .data
    stm32f10x_it.o(i.DMA1_Channel2_IRQHandler) refers to main.o(.bss) for Capture
    stm32f10x_it.o(i.DMA1_Channel2_IRQHandler) refers to stm32f10x_it.o(.bss) for .bss
    stm32f10x_it.o(i.DMA1_Channel2_IRQHandler) refers to main.o(.data) for size
    stm32f10x_it.o(i.DMA1_Channel3_IRQHandler) refers to stm32f10x_dma.o(i.DMA_GetFlagStatus) for DMA_GetFlagStatus
    stm32f10x_it.o(i.DMA1_Channel3_IRQHandler) refers to stm32f10x_dma.o(i.DMA_ClearFlag) for DMA_ClearFlag
    stm32f10x_it.o(i.DMA1_Channel3_IRQHandler) refers to ffltui.o(.text) for __aeabi_ui2f
    stm32f10x_it.o(i.DMA1_Channel3_IRQHandler) refers to fdiv.o(.text) for __aeabi_fdiv
    stm32f10x_it.o(i.DMA1_Channel3_IRQHandler) refers to stm32f10x_tim.o(i.TIM_Cmd) for TIM_Cmd
    stm32f10x_it.o(i.DMA1_Channel3_IRQHandler) refers to stm32f10x_dma.o(i.DMA_Cmd) for DMA_Cmd
    stm32f10x_it.o(i.DMA1_Channel3_IRQHandler) refers to stm32f10x_it.o(.data) for .data
    stm32f10x_it.o(i.DMA1_Channel3_IRQHandler) refers to main.o(.bss) for Capture
    stm32f10x_it.o(i.DMA1_Channel3_IRQHandler) refers to stm32f10x_it.o(.bss) for .bss
    stm32f10x_it.o(i.DMA1_Channel3_IRQHandler) refers to main.o(.data) for size
    stm32f10x_it.o(i.DMA1_Channel5_IRQHandler) refers to stm32f10x_dma.o(i.DMA_GetFlagStatus) for DMA_GetFlagStatus
    stm32f10x_it.o(i.DMA1_Channel5_IRQHandler) refers to stm32f10x_dma.o(i.DMA_ClearFlag) for DMA_ClearFlag
    stm32f10x_it.o(i.DMA1_Channel5_IRQHandler) refers to ffltui.o(.text) for __aeabi_ui2f
    stm32f10x_it.o(i.DMA1_Channel5_IRQHandler) refers to fdiv.o(.text) for __aeabi_fdiv
    stm32f10x_it.o(i.DMA1_Channel5_IRQHandler) refers to stm32f10x_tim.o(i.TIM_Cmd) for TIM_Cmd
    stm32f10x_it.o(i.DMA1_Channel5_IRQHandler) refers to stm32f10x_dma.o(i.DMA_Cmd) for DMA_Cmd
    stm32f10x_it.o(i.DMA1_Channel5_IRQHandler) refers to stm32f10x_it.o(.data) for .data
    stm32f10x_it.o(i.DMA1_Channel5_IRQHandler) refers to main.o(.bss) for Capture
    stm32f10x_it.o(i.DMA1_Channel5_IRQHandler) refers to stm32f10x_it.o(.bss) for .bss
    stm32f10x_it.o(i.DMA1_Channel5_IRQHandler) refers to main.o(.data) for size
    stm32f10x_it.o(i.DMA1_Channel6_IRQHandler) refers to stm32f10x_dma.o(i.DMA_GetFlagStatus) for DMA_GetFlagStatus
    stm32f10x_it.o(i.DMA1_Channel6_IRQHandler) refers to stm32f10x_dma.o(i.DMA_ClearFlag) for DMA_ClearFlag
    stm32f10x_it.o(i.DMA1_Channel6_IRQHandler) refers to ffltui.o(.text) for __aeabi_ui2f
    stm32f10x_it.o(i.DMA1_Channel6_IRQHandler) refers to fdiv.o(.text) for __aeabi_fdiv
    stm32f10x_it.o(i.DMA1_Channel6_IRQHandler) refers to stm32f10x_tim.o(i.TIM_Cmd) for TIM_Cmd
    stm32f10x_it.o(i.DMA1_Channel6_IRQHandler) refers to stm32f10x_dma.o(i.DMA_Cmd) for DMA_Cmd
    stm32f10x_it.o(i.DMA1_Channel6_IRQHandler) refers to stm32f10x_it.o(.data) for .data
    stm32f10x_it.o(i.DMA1_Channel6_IRQHandler) refers to main.o(.bss) for Capture
    stm32f10x_it.o(i.DMA1_Channel6_IRQHandler) refers to stm32f10x_it.o(.bss) for .bss
    stm32f10x_it.o(i.DMA1_Channel6_IRQHandler) refers to main.o(.data) for size
    stm32f10x_it.o(i.DMA1_Channel7_IRQHandler) refers to stm32f10x_dma.o(i.DMA_GetFlagStatus) for DMA_GetFlagStatus
[...]
    stm32f10x_tim.o(i.TIM_DeInit) refers to stm32f10x_rcc.o(i.RCC_APB1PeriphResetCmd) for RCC_APB1PeriphResetCmd
    stm32f10x_tim.o(i.TIM_DeInit) refers to stm32f10x_rcc.o(i.RCC_APB2PeriphResetCmd) for RCC_APB2PeriphResetCmd
    stm32f10x_tim.o(i.TIM_ETRClockMode1Config) refers to stm32f10x_tim.o(i.TIM_ETRConfig) for TIM_ETRConfig
    stm32f10x_tim.o(i.TIM_ETRClockMode2Config) refers to stm32f10x_tim.o(i.TIM_ETRConfig) for TIM_ETRConfig
    stm32f10x_tim.o(i.TIM_ICInit) refers to stm32f10x_tim.o(i.TI1_Config) for TI1_Config
    stm32f10x_tim.o(i.TIM_ICInit) refers to stm32f10x_tim.o(i.TIM_SetIC1Prescaler) for TIM_SetIC1Prescaler
    stm32f10x_tim.o(i.TIM_ICInit) refers to stm32f10x_tim.o(i.TI2_Config) for TI2_Config
    stm32f10x_tim.o(i.TIM_ICInit) refers to stm32f10x_tim.o(i.TIM_SetIC2Prescaler) for TIM_SetIC2Prescaler
    stm32f10x_tim.o(i.TIM_ICInit) refers to stm32f10x_tim.o(i.TIM_SetIC3Prescaler) for TIM_SetIC3Prescaler
    stm32f10x_tim.o(i.TIM_ICInit) refers to stm32f10x_tim.o(i.TIM_SetIC4Prescaler) for TIM_SetIC4Prescaler
    stm32f10x_tim.o(i.TIM_ITRxExternalClockConfig) refers to stm32f10x_tim.o(i.TIM_SelectInputTrigger) for TIM_SelectInputTrigger
    stm32f10x_tim.o(i.TIM_PWMIConfig) refers to stm32f10x_tim.o(i.TI2_Config) for TI2_Config
    stm32f10x_tim.o(i.TIM_PWMIConfig) refers to stm32f10x_tim.o(i.TIM_SetIC2Prescaler) for TIM_SetIC2Prescaler
    stm32f10x_tim.o(i.TIM_PWMIConfig) refers to stm32f10x_tim.o(i.TI1_Config) for TI1_Config
    stm32f10x_tim.o(i.TIM_PWMIConfig) refers to stm32f10x_tim.o(i.TIM_SetIC1Prescaler) for TIM_SetIC1Prescaler
    stm32f10x_tim.o(i.TIM_TIxExternalClockConfig) refers to stm32f10x_tim.o(i.TI1_Config) for TI1_Config
    stm32f10x_tim.o(i.TIM_TIxExternalClockConfig) refers to stm32f10x_tim.o(i.TIM_SelectInputTrigger) for TIM_SelectInputTrigger
    stm32f10x_tim.o(i.TIM_TIxExternalClockConfig) refers to stm32f10x_tim.o(i.TI2_Config) for TI2_Config
    stm32f10x_wwdg.o(i.WWDG_DeInit) refers to stm32f10x_rcc.o(i.RCC_APB1PeriphResetCmd) for RCC_APB1PeriphResetCmd
    system_stm32f10x.o(i.SystemCoreClockUpdate) refers to system_stm32f10x.o(.data) for .data
    system_stm32f10x.o(i.SystemInit) refers to system_stm32f10x.o(i.SetSysClockTo24) for SetSysClockTo24
    startup_stm32f10x_hd_vl.o(RESET) refers to startup_stm32f10x_hd_vl.o(STACK) for __initial_sp
    startup_stm32f10x_hd_vl.o(RESET) refers to startup_stm32f10x_hd_vl.o(.text) for Reset_Handler
    startup_stm32f10x_hd_vl.o(RESET) refers to stm32f10x_it.o(i.NMI_Handler) for NMI_Handler
    startup_stm32f10x_hd_vl.o(RESET) refers to stm32f10x_it.o(i.HardFault_Handler) for HardFault_Handler
    startup_stm32f10x_hd_vl.o(RESET) refers to stm32f10x_it.o(i.MemManage_Handler) for MemManage_Handler
    startup_stm32f10x_hd_vl.o(RESET) refers to stm32f10x_it.o(i.BusFault_Handler) for BusFault_Handler
    startup_stm32f10x_hd_vl.o(RESET) refers to stm32f10x_it.o(i.UsageFault_Handler) for UsageFault_Handler
    startup_stm32f10x_hd_vl.o(RESET) refers to stm32f10x_it.o(i.SVC_Handler) for SVC_Handler
    startup_stm32f10x_hd_vl.o(RESET) refers to stm32f10x_it.o(i.DebugMon_Handler) for DebugMon_Handler
    startup_stm32f10x_hd_vl.o(RESET) refers to stm32f10x_it.o(i.PendSV_Handler) for PendSV_Handler
    startup_stm32f10x_hd_vl.o(RESET) refers to stm32f10x_it.o(i.SysTick_Handler) for SysTick_Handler
    startup_stm32f10x_hd_vl.o(RESET) refers to stm32f10x_it.o(i.DMA1_Channel1_IRQHandler) for DMA1_Channel1_IRQHandler
    startup_stm32f10x_hd_vl.o(RESET) refers to stm32f10x_it.o(i.DMA1_Channel2_IRQHandler) for DMA1_Channel2_IRQHandler
    startup_stm32f10x_hd_vl.o(RESET) refers to stm32f10x_it.o(i.DMA1_Channel3_IRQHandler) for DMA1_Channel3_IRQHandler
    startup_stm32f10x_hd_vl.o(RESET) refers to stm32f10x_it.o(i.DMA1_Channel5_IRQHandler) for DMA1_Channel5_IRQHandler
    startup_stm32f10x_hd_vl.o(RESET) refers to stm32f10x_it.o(i.DMA1_Channel6_IRQHandler) for DMA1_Channel6_IRQHandler
    startup_stm32f10x_hd_vl.o(RESET) refers to stm32f10x_it.o(i.DMA1_Channel7_IRQHandler) for DMA1_Channel7_IRQHandler
    startup_stm32f10x_hd_vl.o(RESET) refers to stm32f10x_it.o(i.USART3_IRQHandler) for USART3_IRQHandler
    startup_stm32f10x_hd_vl.o(RESET) refers to stm32f10x_it.o(i.TIM6_DAC_IRQHandler) for TIM6_DAC_IRQHandler
    startup_stm32f10x_hd_vl.o(.text) refers to system_stm32f10x.o(i.SystemInit) for SystemInit
    startup_stm32f10x_hd_vl.o(.text) refers to entry.o(.ARM.Collect$$$$00000000) for __main
    entry.o(.ARM.Collect$$$$00000000) refers (Special) to entry10a.o(.ARM.Collect$$$$0000000D) for __rt_final_cpp
    entry.o(.ARM.Collect$$$$00000000) refers (Special) to entry11a.o(.ARM.Collect$$$$0000000F) for __rt_final_exit
    entry.o(.ARM.Collect$$$$00000000) refers (Special) to entry7b.o(.ARM.Collect$$$$00000008) for _main_clock
    entry.o(.ARM.Collect$$$$00000000) refers (Special) to entry8b.o(.ARM.Collect$$$$0000000A) for _main_cpp_init
    entry.o(.ARM.Collect$$$$00000000) refers (Special) to entry9a.o(.ARM.Collect$$$$0000000B) for _main_init
    entry.o(.ARM.Collect$$$$00000000) refers (Special) to entry5.o(.ARM.Collect$$$$00000004) for _main_scatterload
    entry.o(.ARM.Collect$$$$00000000) refers (Special) to entry2.o(.ARM.Collect$$$$00000001) for _main_stk
    fadd.o(.text) refers (Special) to iusefp.o(.text) for __I$use$fp
    fadd.o(.text) refers to fepilogue.o(.text) for _float_epilogue
    fdiv.o(.text) refers (Special) to iusefp.o(.text) for __I$use$fp
    fdiv.o(.text) refers to fepilogue.o(.text) for _float_round
    fscalb.o(.text) refers (Special) to iusefp.o(.text) for __I$use$fp
    ffltui.o(.text) refers (Special) to iusefp.o(.text) for __I$use$fp
    ffltui.o(.text) refers to fepilogue.o(.text) for _float_epilogue
    ffixui.o(.text) refers (Special) to iusefp.o(.text) for __I$use$fp
    entry2.o(.ARM.Collect$$$$00000001) refers to entry2.o(.ARM.Collect$$$$00002712) for __lit__00000000
    entry2.o(.ARM.Collect$$$$00002712) refers to startup_stm32f10x_hd_vl.o(STACK) for __initial_sp
    entry2.o(__vectab_stack_and_reset_area) refers to startup_stm32f10x_hd_vl.o(STACK) for __initial_sp
    entry2.o(__vectab_stack_and_reset_area) refers to entry.o(.ARM.Collect$$$$00000000) for __main
    entry5.o(.ARM.Collect$$$$00000004) refers to init.o(.text) for __scatterload
    entry9a.o(.ARM.Collect$$$$0000000B) refers to main.o(i.main) for main
    entry9b.o(.ARM.Collect$$$$0000000C) refers to main.o(i.main) for main
    init.o(.text) refers to entry5.o(.ARM.Collect$$$$00000004) for __main_after_scatterload


==============================================================================

Removing Unused input sections from the image.

    Removing stm32f10x_it.o(.data), (4 bytes).
    Removing main.o(i.fputc), (36 bytes).
    Removing main.o(i.get_battery_voltage), (92 bytes).
    Removing main.o(.bss), (10 bytes).
    Removing main.o(.data), (4 bytes).
    Removing main.o(.data), (8 bytes).
    Removing main.o(.data), (4 bytes).
    Removing main.o(.data), (4 bytes).
    Removing stm32f10x_rcc.o(i.RCC_AdjustHSICalibrationValue), (20 bytes).
    Removing stm32f10x_rcc.o(i.RCC_BackupResetCmd), (12 bytes).
    Removing stm32f10x_rcc.o(i.RCC_ClearFlag), (16 bytes).
    Removing stm32f10x_rcc.o(i.RCC_ClearITPendingBit), (12 bytes).
    Removing stm32f10x_rcc.o(i.RCC_ClockSecuritySystemCmd), (12 bytes).
    Removing stm32f10x_rcc.o(i.RCC_DeInit), (68 bytes).
    Removing stm32f10x_rcc.o(i.RCC_GetFlagStatus), (48 bytes).
    Removing stm32f10x_rcc.o(i.RCC_GetITStatus), (20 bytes).
    Removing stm32f10x_rcc.o(i.RCC_GetSYSCLKSource), (16 bytes).
    Removing stm32f10x_rcc.o(i.RCC_HCLKConfig), (20 bytes).
    Removing stm32f10x_rcc.o(i.RCC_HSEConfig), (52 bytes).
    Removing stm32f10x_rcc.o(i.RCC_HSICmd), (12 bytes).
    Removing stm32f10x_rcc.o(i.RCC_ITConfig), (24 bytes).
    Removing stm32f10x_rcc.o(i.RCC_LSEConfig), (32 bytes).
    Removing stm32f10x_rcc.o(i.RCC_LSICmd), (12 bytes).
    Removing stm32f10x_rcc.o(i.RCC_MCOConfig), (12 bytes).
    Removing stm32f10x_rcc.o(i.RCC_PCLK1Config), (20 bytes).
    Removing stm32f10x_rcc.o(i.RCC_PCLK2Config), (20 bytes).
    Removing stm32f10x_rcc.o(i.RCC_PLLCmd), (12 bytes).
    Removing stm32f10x_rcc.o(i.RCC_PLLConfig), (20 bytes).
    Removing stm32f10x_rcc.o(i.RCC_PREDIV1Config), (28 bytes).
    Removing stm32f10x_rcc.o(i.RCC_RTCCLKCmd), (12 bytes).
    Removing stm32f10x_rcc.o(i.RCC_RTCCLKConfig), (16 bytes).
    Removing stm32f10x_rcc.o(i.RCC_SYSCLKConfig), (20 bytes).
    Removing stm32f10x_rcc.o(i.RCC_USBCLKConfig), (12 bytes).
    Removing stm32f10x_rcc.o(i.RCC_WaitForHSEStartUp), (44 bytes).
    Removing stm32f10x_gpio.o(i.GPIO_AFIODeInit), (22 bytes).
    Removing stm32f10x_gpio.o(i.GPIO_DeInit), (180 bytes).
    Removing stm32f10x_gpio.o(i.GPIO_ETH_MediaInterfaceConfig), (12 bytes).
    Removing stm32f10x_gpio.o(i.GPIO_EXTILineConfig), (40 bytes).
    Removing stm32f10x_gpio.o(i.GPIO_EventOutputCmd), (12 bytes).
    Removing stm32f10x_gpio.o(i.GPIO_EventOutputConfig), (28 bytes).
    Removing stm32f10x_gpio.o(i.GPIO_PinLockConfig), (16 bytes).
    Removing stm32f10x_gpio.o(i.GPIO_ReadInputData), (6 bytes).
    Removing stm32f10x_gpio.o(i.GPIO_ReadInputDataBit), (14 bytes).
    Removing stm32f10x_gpio.o(i.GPIO_ReadOutputData), (6 bytes).
    Removing stm32f10x_gpio.o(i.GPIO_ReadOutputDataBit), (14 bytes).
    Removing stm32f10x_gpio.o(i.GPIO_StructInit), (16 bytes).
    Removing stm32f10x_gpio.o(i.GPIO_Write), (4 bytes).
    Removing stm32f10x_gpio.o(i.GPIO_WriteBit), (10 bytes).
    Removing misc.o(i.NVIC_SetVectorTable), (20 bytes).
    Removing misc.o(i.NVIC_SystemLPConfig), (24 bytes).
    Removing misc.o(i.SysTick_CLKSourceConfig), (24 bytes).
    Removing stm32f10x_exti.o(i.EXTI_ClearFlag), (12 bytes).
    Removing stm32f10x_exti.o(i.EXTI_ClearITPendingBit), (12 bytes).
    Removing stm32f10x_exti.o(i.EXTI_DeInit), (36 bytes).
    Removing stm32f10x_exti.o(i.EXTI_GenerateSWInterrupt), (16 bytes).
    Removing stm32f10x_exti.o(i.EXTI_GetFlagStatus), (20 bytes).
    Removing stm32f10x_exti.o(i.EXTI_GetITStatus), (32 bytes).
    Removing stm32f10x_exti.o(i.EXTI_Init), (112 bytes).
    Removing stm32f10x_exti.o(i.EXTI_StructInit), (14 bytes).
    Removing stm32f10x_spi.o(i.I2S_Cmd), (20 bytes).
    Removing stm32f10x_spi.o(i.I2S_Init), (152 bytes).
    Removing stm32f10x_spi.o(i.I2S_StructInit), (18 bytes).
    Removing stm32f10x_spi.o(i.SPI_BiDirectionalLineConfig), (22 bytes).
    Removing stm32f10x_spi.o(i.SPI_CalculateCRC), (20 bytes).
    Removing stm32f10x_spi.o(i.SPI_Cmd), (20 bytes).
    Removing stm32f10x_spi.o(i.SPI_DataSizeConfig), (16 bytes).
    Removing stm32f10x_spi.o(i.SPI_GetCRC), (12 bytes).
    Removing stm32f10x_spi.o(i.SPI_GetCRCPolynomial), (4 bytes).
    Removing stm32f10x_spi.o(i.SPI_I2S_ClearFlag), (6 bytes).
    Removing stm32f10x_spi.o(i.SPI_I2S_ClearITPendingBit), (14 bytes).
    Removing stm32f10x_spi.o(i.SPI_I2S_DMACmd), (16 bytes).
    Removing stm32f10x_spi.o(i.SPI_I2S_DeInit), (84 bytes).
    Removing stm32f10x_spi.o(i.SPI_I2S_GetFlagStatus), (14 bytes).
    Removing stm32f10x_spi.o(i.SPI_I2S_GetITStatus), (42 bytes).
    Removing stm32f10x_spi.o(i.SPI_I2S_ITConfig), (24 bytes).
    Removing stm32f10x_spi.o(i.SPI_I2S_ReceiveData), (4 bytes).
    Removing stm32f10x_spi.o(i.SPI_I2S_SendData), (4 bytes).
    Removing stm32f10x_spi.o(i.SPI_NSSInternalSoftwareConfig), (24 bytes).
    Removing stm32f10x_spi.o(i.SPI_StructInit), (24 bytes).
    Removing stm32f10x_spi.o(i.SPI_TransmitCRC), (10 bytes).
    Removing stm32f10x_fsmc.o(i.FSMC_ClearFlag), (38 bytes).
    Removing stm32f10x_fsmc.o(i.FSMC_ClearITPendingBit), (44 bytes).
    Removing stm32f10x_fsmc.o(i.FSMC_GetECC), (18 bytes).
    Removing stm32f10x_fsmc.o(i.FSMC_GetFlagStatus), (40 bytes).
    Removing stm32f10x_fsmc.o(i.FSMC_GetITStatus), (48 bytes).
    Removing stm32f10x_fsmc.o(i.FSMC_ITConfig), (72 bytes).
    Removing stm32f10x_fsmc.o(i.FSMC_NANDCmd), (56 bytes).
    Removing stm32f10x_fsmc.o(i.FSMC_NANDDeInit), (40 bytes).
    Removing stm32f10x_fsmc.o(i.FSMC_NANDECCCmd), (56 bytes).
    Removing stm32f10x_fsmc.o(i.FSMC_NANDInit), (104 bytes).
    Removing stm32f10x_fsmc.o(i.FSMC_NANDStructInit), (54 bytes).
    Removing stm32f10x_fsmc.o(i.FSMC_NORSRAMCmd), (32 bytes).
    Removing stm32f10x_fsmc.o(i.FSMC_NORSRAMDeInit), (40 bytes).
    Removing stm32f10x_fsmc.o(i.FSMC_NORSRAMInit), (200 bytes).
    Removing stm32f10x_fsmc.o(i.FSMC_NORSRAMStructInit), (98 bytes).
    Removing stm32f10x_fsmc.o(i.FSMC_PCCARDCmd), (32 bytes).
    Removing stm32f10x_fsmc.o(i.FSMC_PCCARDDeInit), (26 bytes).
    Removing stm32f10x_fsmc.o(i.FSMC_PCCARDInit), (102 bytes).
    Removing stm32f10x_fsmc.o(i.FSMC_PCCARDStructInit), (60 bytes).
    Removing stm32f10x_usart.o(i.USART_ClearFlag), (6 bytes).
    Removing stm32f10x_usart.o(i.USART_ClearITPendingBit), (12 bytes).
    Removing stm32f10x_usart.o(i.USART_ClockInit), (30 bytes).
    Removing stm32f10x_usart.o(i.USART_ClockStructInit), (12 bytes).
    Removing stm32f10x_usart.o(i.USART_DMACmd), (16 bytes).
    Removing stm32f10x_usart.o(i.USART_DeInit), (116 bytes).
    Removing stm32f10x_usart.o(i.USART_HalfDuplexCmd), (20 bytes).
    Removing stm32f10x_usart.o(i.USART_IrDACmd), (20 bytes).
    Removing stm32f10x_usart.o(i.USART_IrDAConfig), (16 bytes).
    Removing stm32f10x_usart.o(i.USART_LINBreakDetectLengthConfig), (16 bytes).
    Removing stm32f10x_usart.o(i.USART_LINCmd), (20 bytes).
    Removing stm32f10x_usart.o(i.USART_OneBitMethodCmd), (20 bytes).
    Removing stm32f10x_usart.o(i.USART_OverSampling8Cmd), (20 bytes).
    Removing stm32f10x_usart.o(i.USART_ReceiverWakeUpCmd), (20 bytes).
    Removing stm32f10x_usart.o(i.USART_SendBreak), (10 bytes).
    Removing stm32f10x_usart.o(i.USART_SetAddress), (16 bytes).
    Removing stm32f10x_usart.o(i.USART_SetGuardTime), (16 bytes).
    Removing stm32f10x_usart.o(i.USART_SetPrescaler), (16 bytes).
    Removing stm32f10x_usart.o(i.USART_SmartCardCmd), (20 bytes).
    Removing stm32f10x_usart.o(i.USART_SmartCardNACKCmd), (20 bytes).
    Removing stm32f10x_usart.o(i.USART_StructInit), (22 bytes).
    Removing stm32f10x_usart.o(i.USART_WakeUpConfig), (16 bytes).
    Removing stm32f10x_sdio.o(i.SDIO_CEATAITCmd), (16 bytes).
    Removing stm32f10x_sdio.o(i.SDIO_ClearFlag), (12 bytes).
    Removing stm32f10x_sdio.o(i.SDIO_ClearITPendingBit), (12 bytes).
    Removing stm32f10x_sdio.o(i.SDIO_ClockCmd), (12 bytes).
    Removing stm32f10x_sdio.o(i.SDIO_CmdStructInit), (14 bytes).
    Removing stm32f10x_sdio.o(i.SDIO_CommandCompletionCmd), (12 bytes).
    Removing stm32f10x_sdio.o(i.SDIO_DMACmd), (12 bytes).
    Removing stm32f10x_sdio.o(i.SDIO_DataConfig), (44 bytes).
    Removing stm32f10x_sdio.o(i.SDIO_DataStructInit), (20 bytes).
    Removing stm32f10x_sdio.o(i.SDIO_DeInit), (36 bytes).
    Removing stm32f10x_sdio.o(i.SDIO_GetCommandResponse), (12 bytes).
    Removing stm32f10x_sdio.o(i.SDIO_GetDataCounter), (12 bytes).
    Removing stm32f10x_sdio.o(i.SDIO_GetFIFOCount), (12 bytes).
    Removing stm32f10x_sdio.o(i.SDIO_GetFlagStatus), (20 bytes).
    Removing stm32f10x_sdio.o(i.SDIO_GetITStatus), (20 bytes).
    Removing stm32f10x_sdio.o(i.SDIO_GetPowerState), (16 bytes).
    Removing stm32f10x_sdio.o(i.SDIO_GetResponse), (16 bytes).
    Removing stm32f10x_sdio.o(i.SDIO_ITConfig), (24 bytes).
    Removing stm32f10x_sdio.o(i.SDIO_Init), (44 bytes).
    Removing stm32f10x_sdio.o(i.SDIO_ReadData), (12 bytes).
    Removing stm32f10x_sdio.o(i.SDIO_SendCEATACmd), (12 bytes).
    Removing stm32f10x_sdio.o(i.SDIO_SendCommand), (40 bytes).
    Removing stm32f10x_sdio.o(i.SDIO_SendSDIOSuspendCmd), (12 bytes).
    Removing stm32f10x_sdio.o(i.SDIO_SetPowerState), (24 bytes).
    Removing stm32f10x_sdio.o(i.SDIO_SetSDIOOperation), (12 bytes).
    Removing stm32f10x_sdio.o(i.SDIO_SetSDIOReadWaitMode), (12 bytes).
    Removing stm32f10x_sdio.o(i.SDIO_StartSDIOReadWait), (12 bytes).
    Removing stm32f10x_sdio.o(i.SDIO_StopSDIOReadWait), (12 bytes).
    Removing stm32f10x_sdio.o(i.SDIO_StructInit), (16 bytes).
    Removing stm32f10x_sdio.o(i.SDIO_WriteData), (12 bytes).
    Removing stm32f10x_dma.o(i.DMA_ClearITPendingBit), (24 bytes).
    Removing stm32f10x_dma.o(i.DMA_GetCurrDataCounter), (6 bytes).
    Removing stm32f10x_dma.o(i.DMA_GetITStatus), (32 bytes).
    Removing stm32f10x_dma.o(i.DMA_SetCurrDataCounter), (4 bytes).
    Removing stm32f10x_dma.o(i.DMA_StructInit), (26 bytes).
    Removing stm32f10x_i2c.o(i.I2C_ARPCmd), (20 bytes).
    Removing stm32f10x_i2c.o(i.I2C_AcknowledgeConfig), (20 bytes).
    Removing stm32f10x_i2c.o(i.I2C_CalculatePEC), (20 bytes).
    Removing stm32f10x_i2c.o(i.I2C_CheckEvent), (24 bytes).
    Removing stm32f10x_i2c.o(i.I2C_ClearFlag), (6 bytes).
    Removing stm32f10x_i2c.o(i.I2C_ClearITPendingBit), (6 bytes).
    Removing stm32f10x_i2c.o(i.I2C_Cmd), (20 bytes).
    Removing stm32f10x_i2c.o(i.I2C_DMACmd), (20 bytes).
    Removing stm32f10x_i2c.o(i.I2C_DMALastTransferCmd), (20 bytes).
    Removing stm32f10x_i2c.o(i.I2C_DeInit), (44 bytes).
    Removing stm32f10x_i2c.o(i.I2C_DualAddressCmd), (20 bytes).
    Removing stm32f10x_i2c.o(i.I2C_FastModeDutyCycleConfig), (22 bytes).
    Removing stm32f10x_i2c.o(i.I2C_GeneralCallCmd), (20 bytes).
    Removing stm32f10x_i2c.o(i.I2C_GenerateSTART), (20 bytes).
    Removing stm32f10x_i2c.o(i.I2C_GenerateSTOP), (20 bytes).
    Removing stm32f10x_i2c.o(i.I2C_GetFlagStatus), (42 bytes).
    Removing stm32f10x_i2c.o(i.I2C_GetITStatus), (36 bytes).
    Removing stm32f10x_i2c.o(i.I2C_GetLastEvent), (14 bytes).
    Removing stm32f10x_i2c.o(i.I2C_GetPEC), (6 bytes).
    Removing stm32f10x_i2c.o(i.I2C_ITConfig), (16 bytes).
    Removing stm32f10x_i2c.o(i.I2C_Init), (188 bytes).
    Removing stm32f10x_i2c.o(i.I2C_NACKPositionConfig), (22 bytes).
    Removing stm32f10x_i2c.o(i.I2C_OwnAddress2Config), (16 bytes).
    Removing stm32f10x_i2c.o(i.I2C_PECPositionConfig), (22 bytes).
    Removing stm32f10x_i2c.o(i.I2C_ReadRegister), (10 bytes).
    Removing stm32f10x_i2c.o(i.I2C_ReceiveData), (6 bytes).
    Removing stm32f10x_i2c.o(i.I2C_SMBusAlertConfig), (22 bytes).
    Removing stm32f10x_i2c.o(i.I2C_Send7bitAddress), (16 bytes).
    Removing stm32f10x_i2c.o(i.I2C_SendData), (4 bytes).
    Removing stm32f10x_i2c.o(i.I2C_SoftwareResetCmd), (20 bytes).
    Removing stm32f10x_i2c.o(i.I2C_StretchClockCmd), (20 bytes).
    Removing stm32f10x_i2c.o(i.I2C_StructInit), (28 bytes).
    Removing stm32f10x_i2c.o(i.I2C_TransmitPEC), (20 bytes).
    Removing stm32f10x_adc.o(i.ADC_AnalogWatchdogCmd), (16 bytes).
    Removing stm32f10x_adc.o(i.ADC_AnalogWatchdogSingleChannelConfig), (12 bytes).
    Removing stm32f10x_adc.o(i.ADC_AnalogWatchdogThresholdsConfig), (6 bytes).
    Removing stm32f10x_adc.o(i.ADC_AutoInjectedConvCmd), (20 bytes).
    Removing stm32f10x_adc.o(i.ADC_ClearFlag), (6 bytes).
    Removing stm32f10x_adc.o(i.ADC_ClearITPendingBit), (8 bytes).
    Removing stm32f10x_adc.o(i.ADC_DMACmd), (20 bytes).
    Removing stm32f10x_adc.o(i.ADC_DiscModeChannelCountConfig), (16 bytes).
    Removing stm32f10x_adc.o(i.ADC_DiscModeCmd), (20 bytes).
    Removing stm32f10x_adc.o(i.ADC_ExternalTrigConvCmd), (20 bytes).
    Removing stm32f10x_adc.o(i.ADC_ExternalTrigInjectedConvCmd), (20 bytes).
    Removing stm32f10x_adc.o(i.ADC_ExternalTrigInjectedConvConfig), (12 bytes).
    Removing stm32f10x_adc.o(i.ADC_GetDualModeConversionValue), (12 bytes).
    Removing stm32f10x_adc.o(i.ADC_GetITStatus), (28 bytes).
    Removing stm32f10x_adc.o(i.ADC_GetInjectedConversionValue), (14 bytes).
    Removing stm32f10x_adc.o(i.ADC_GetSoftwareStartConvStatus), (14 bytes).
    Removing stm32f10x_adc.o(i.ADC_GetSoftwareStartInjectedConvCmdStatus), (14 bytes).
    Removing stm32f10x_adc.o(i.ADC_ITConfig), (18 bytes).
    Removing stm32f10x_adc.o(i.ADC_InjectedChannelConfig), (74 bytes).
    Removing stm32f10x_adc.o(i.ADC_InjectedDiscModeCmd), (20 bytes).
    Removing stm32f10x_adc.o(i.ADC_InjectedSequencerLengthConfig), (16 bytes).
    Removing stm32f10x_adc.o(i.ADC_SetInjectedOffset), (10 bytes).
    Removing stm32f10x_adc.o(i.ADC_SoftwareStartInjectedConvCmd), (20 bytes).
    Removing stm32f10x_adc.o(i.ADC_StructInit), (18 bytes).
    Removing stm32f10x_adc.o(i.ADC_TempSensorVrefintCmd), (28 bytes).
    Removing stm32f10x_bkp.o(i.BKP_ClearFlag), (16 bytes).
    Removing stm32f10x_bkp.o(i.BKP_ClearITPendingBit), (16 bytes).
    Removing stm32f10x_bkp.o(i.BKP_DeInit), (18 bytes).
    Removing stm32f10x_bkp.o(i.BKP_GetFlagStatus), (12 bytes).
    Removing stm32f10x_bkp.o(i.BKP_GetITStatus), (12 bytes).
    Removing stm32f10x_bkp.o(i.BKP_ITConfig), (12 bytes).
    Removing stm32f10x_bkp.o(i.BKP_RTCOutputConfig), (20 bytes).
    Removing stm32f10x_bkp.o(i.BKP_ReadBackupRegister), (16 bytes).
    Removing stm32f10x_bkp.o(i.BKP_SetRTCCalibrationValue), (20 bytes).
    Removing stm32f10x_bkp.o(i.BKP_TamperPinCmd), (12 bytes).
    Removing stm32f10x_bkp.o(i.BKP_TamperPinLevelConfig), (12 bytes).
    Removing stm32f10x_bkp.o(i.BKP_WriteBackupRegister), (16 bytes).
    Removing stm32f10x_can.o(i.CAN_CancelTransmit), (36 bytes).
    Removing stm32f10x_can.o(i.CAN_ClearFlag), (48 bytes).
    Removing stm32f10x_can.o(i.CAN_ClearITPendingBit), (120 bytes).
    Removing stm32f10x_can.o(i.CAN_DBGFreeze), (20 bytes).
    Removing stm32f10x_can.o(i.CAN_DeInit), (44 bytes).
    Removing stm32f10x_can.o(i.CAN_FIFORelease), (22 bytes).
    Removing stm32f10x_can.o(i.CAN_FilterInit), (204 bytes).
    Removing stm32f10x_can.o(i.CAN_GetFlagStatus), (52 bytes).
    Removing stm32f10x_can.o(i.CAN_GetITStatus), (168 bytes).
    Removing stm32f10x_can.o(i.CAN_GetLSBTransmitErrorCounter), (8 bytes).
    Removing stm32f10x_can.o(i.CAN_GetLastErrorCode), (10 bytes).
    Removing stm32f10x_can.o(i.CAN_GetReceiveErrorCounter), (6 bytes).
    Removing stm32f10x_can.o(i.CAN_ITConfig), (16 bytes).
    Removing stm32f10x_can.o(i.CAN_Init), (232 bytes).
    Removing stm32f10x_can.o(i.CAN_MessagePending), (22 bytes).
    Removing stm32f10x_can.o(i.CAN_OperatingModeRequest), (140 bytes).
    Removing stm32f10x_can.o(i.CAN_Receive), (144 bytes).
    Removing stm32f10x_can.o(i.CAN_SlaveStartBank), (44 bytes).
    Removing stm32f10x_can.o(i.CAN_Sleep), (30 bytes).
    Removing stm32f10x_can.o(i.CAN_StructInit), (32 bytes).
    Removing stm32f10x_can.o(i.CAN_TTComModeCmd), (90 bytes).
    Removing stm32f10x_can.o(i.CAN_Transmit), (164 bytes).
    Removing stm32f10x_can.o(i.CAN_TransmitStatus), (108 bytes).
    Removing stm32f10x_can.o(i.CAN_WakeUp), (40 bytes).
    Removing stm32f10x_can.o(i.CheckITStatus), (12 bytes).
    Removing stm32f10x_cec.o(i.CEC_ClearFlag), (32 bytes).
    Removing stm32f10x_cec.o(i.CEC_ClearITPendingBit), (32 bytes).
    Removing stm32f10x_cec.o(i.CEC_Cmd), (28 bytes).
    Removing stm32f10x_cec.o(i.CEC_DeInit), (24 bytes).
    Removing stm32f10x_cec.o(i.CEC_EndOfMessageCmd), (12 bytes).
    Removing stm32f10x_cec.o(i.CEC_GetFlagStatus), (36 bytes).
    Removing stm32f10x_cec.o(i.CEC_GetITStatus), (36 bytes).
    Removing stm32f10x_cec.o(i.CEC_ITConfig), (12 bytes).
    Removing stm32f10x_cec.o(i.CEC_Init), (24 bytes).
    Removing stm32f10x_cec.o(i.CEC_OwnAddressConfig), (12 bytes).
    Removing stm32f10x_cec.o(i.CEC_ReceiveDataByte), (12 bytes).
    Removing stm32f10x_cec.o(i.CEC_SendDataByte), (12 bytes).
    Removing stm32f10x_cec.o(i.CEC_SetPrescaler), (12 bytes).
    Removing stm32f10x_cec.o(i.CEC_StartOfMessage), (16 bytes).
    Removing stm32f10x_crc.o(i.CRC_CalcBlockCRC), (28 bytes).
    Removing stm32f10x_crc.o(i.CRC_CalcCRC), (12 bytes).
    Removing stm32f10x_crc.o(i.CRC_GetCRC), (12 bytes).
    Removing stm32f10x_crc.o(i.CRC_GetIDRegister), (12 bytes).
    Removing stm32f10x_crc.o(i.CRC_ResetDR), (12 bytes).
    Removing stm32f10x_crc.o(i.CRC_SetIDRegister), (12 bytes).
    Removing stm32f10x_dac.o(i.DAC_ClearFlag), (12 bytes).
    Removing stm32f10x_dac.o(i.DAC_ClearITPendingBit), (12 bytes).
    Removing stm32f10x_dac.o(i.DAC_Cmd), (24 bytes).
    Removing stm32f10x_dac.o(i.DAC_DMACmd), (24 bytes).
    Removing stm32f10x_dac.o(i.DAC_DeInit), (24 bytes).
    Removing stm32f10x_dac.o(i.DAC_DualSoftwareTriggerCmd), (28 bytes).
    Removing stm32f10x_dac.o(i.DAC_GetDataOutputValue), (24 bytes).
    Removing stm32f10x_dac.o(i.DAC_GetFlagStatus), (24 bytes).
    Removing stm32f10x_dac.o(i.DAC_GetITStatus), (36 bytes).
    Removing stm32f10x_dac.o(i.DAC_ITConfig), (24 bytes).
    Removing stm32f10x_dac.o(i.DAC_Init), (40 bytes).
    Removing stm32f10x_dac.o(i.DAC_SetChannel1Data), (20 bytes).
    Removing stm32f10x_dac.o(i.DAC_SetChannel2Data), (20 bytes).
    Removing stm32f10x_dac.o(i.DAC_SetDualChannelData), (28 bytes).
    Removing stm32f10x_dac.o(i.DAC_SoftwareTriggerCmd), (28 bytes).
    Removing stm32f10x_dac.o(i.DAC_StructInit), (12 bytes).
    Removing stm32f10x_dac.o(i.DAC_WaveGenerationCmd), (24 bytes).
    Removing stm32f10x_dbgmcu.o(i.DBGMCU_Config), (24 bytes).
    Removing stm32f10x_dbgmcu.o(i.DBGMCU_GetDEVID), (16 bytes).
    Removing stm32f10x_dbgmcu.o(i.DBGMCU_GetREVID), (12 bytes).
    Removing stm32f10x_flash.o(i.FLASH_ClearFlag), (12 bytes).
    Removing stm32f10x_flash.o(i.FLASH_EnableWriteProtection), (172 bytes).
    Removing stm32f10x_flash.o(i.FLASH_EraseAllBank1Pages), (56 bytes).
    Removing stm32f10x_flash.o(i.FLASH_EraseAllPages), (56 bytes).
    Removing stm32f10x_flash.o(i.FLASH_EraseOptionBytes), (124 bytes).
    Removing stm32f10x_flash.o(i.FLASH_ErasePage), (60 bytes).
    Removing stm32f10x_flash.o(i.FLASH_GetBank1Status), (40 bytes).
    Removing stm32f10x_flash.o(i.FLASH_GetFlagStatus), (32 bytes).
    Removing stm32f10x_flash.o(i.FLASH_GetPrefetchBufferStatus), (20 bytes).
    Removing stm32f10x_flash.o(i.FLASH_GetReadOutProtectionStatus), (20 bytes).
    Removing stm32f10x_flash.o(i.FLASH_GetStatus), (40 bytes).
    Removing stm32f10x_flash.o(i.FLASH_GetUserOptionByte), (12 bytes).
    Removing stm32f10x_flash.o(i.FLASH_GetWriteProtectionOptionByte), (12 bytes).
    Removing stm32f10x_flash.o(i.FLASH_HalfCycleAccessCmd), (24 bytes).
    Removing stm32f10x_flash.o(i.FLASH_ITConfig), (24 bytes).
    Removing stm32f10x_flash.o(i.FLASH_Lock), (16 bytes).
    Removing stm32f10x_flash.o(i.FLASH_LockBank1), (16 bytes).
    Removing stm32f10x_flash.o(i.FLASH_PrefetchBufferCmd), (24 bytes).
    Removing stm32f10x_flash.o(i.FLASH_ProgramHalfWord), (52 bytes).
    Removing stm32f10x_flash.o(i.FLASH_ProgramOptionByteData), (76 bytes).
    Removing stm32f10x_flash.o(i.FLASH_ProgramWord), (80 bytes).
    Removing stm32f10x_flash.o(i.FLASH_ReadOutProtection), (136 bytes).
    Removing stm32f10x_flash.o(i.FLASH_SetLatency), (20 bytes).
    Removing stm32f10x_flash.o(i.FLASH_Unlock), (24 bytes).
    Removing stm32f10x_flash.o(i.FLASH_UnlockBank1), (24 bytes).
    Removing stm32f10x_flash.o(i.FLASH_UserOptionByteConfig), (96 bytes).
    Removing stm32f10x_flash.o(i.FLASH_WaitForLastBank1Operation), (36 bytes).
    Removing stm32f10x_flash.o(i.FLASH_WaitForLastOperation), (36 bytes).
    Removing stm32f10x_iwdg.o(i.IWDG_Enable), (16 bytes).
    Removing stm32f10x_iwdg.o(i.IWDG_GetFlagStatus), (20 bytes).
    Removing stm32f10x_iwdg.o(i.IWDG_ReloadCounter), (16 bytes).
    Removing stm32f10x_iwdg.o(i.IWDG_SetPrescaler), (12 bytes).
    Removing stm32f10x_iwdg.o(i.IWDG_SetReload), (12 bytes).
    Removing stm32f10x_iwdg.o(i.IWDG_WriteAccessCmd), (12 bytes).
    Removing stm32f10x_pwr.o(i.PWR_BackupAccessCmd), (12 bytes).
    Removing stm32f10x_pwr.o(i.PWR_ClearFlag), (16 bytes).
    Removing stm32f10x_pwr.o(i.PWR_DeInit), (24 bytes).
    Removing stm32f10x_pwr.o(i.PWR_EnterSTANDBYMode), (40 bytes).
    Removing stm32f10x_pwr.o(i.PWR_EnterSTOPMode), (52 bytes).
    Removing stm32f10x_pwr.o(i.PWR_GetFlagStatus), (20 bytes).
    Removing stm32f10x_pwr.o(i.PWR_PVDCmd), (12 bytes).
    Removing stm32f10x_pwr.o(i.PWR_PVDLevelConfig), (20 bytes).
    Removing stm32f10x_pwr.o(i.PWR_WakeUpPinCmd), (12 bytes).
    Removing stm32f10x_rtc.o(i.RTC_ClearFlag), (16 bytes).
    Removing stm32f10x_rtc.o(i.RTC_ClearITPendingBit), (16 bytes).
    Removing stm32f10x_rtc.o(i.RTC_EnterConfigMode), (16 bytes).
    Removing stm32f10x_rtc.o(i.RTC_ExitConfigMode), (16 bytes).
    Removing stm32f10x_rtc.o(i.RTC_GetCounter), (20 bytes).
    Removing stm32f10x_rtc.o(i.RTC_GetDivider), (24 bytes).
    Removing stm32f10x_rtc.o(i.RTC_GetFlagStatus), (20 bytes).
    Removing stm32f10x_rtc.o(i.RTC_GetITStatus), (32 bytes).
    Removing stm32f10x_rtc.o(i.RTC_ITConfig), (24 bytes).
    Removing stm32f10x_rtc.o(i.RTC_SetAlarm), (32 bytes).
    Removing stm32f10x_rtc.o(i.RTC_SetCounter), (32 bytes).
    Removing stm32f10x_rtc.o(i.RTC_SetPrescaler), (32 bytes).
    Removing stm32f10x_rtc.o(i.RTC_WaitForLastTask), (16 bytes).
    Removing stm32f10x_rtc.o(i.RTC_WaitForSynchro), (24 bytes).
    Removing stm32f10x_tim.o(i.TIM_BDTRConfig), (34 bytes).
    Removing stm32f10x_tim.o(i.TIM_BDTRStructInit), (18 bytes).
    Removing stm32f10x_tim.o(i.TIM_CCPreloadControl), (20 bytes).
    Removing stm32f10x_tim.o(i.TIM_CCxCmd), (22 bytes).
    Removing stm32f10x_tim.o(i.TIM_CCxNCmd), (22 bytes).
    Removing stm32f10x_tim.o(i.TIM_ClearFlag), (6 bytes).
    Removing stm32f10x_tim.o(i.TIM_ClearOC1Ref), (12 bytes).
    Removing stm32f10x_tim.o(i.TIM_ClearOC2Ref), (20 bytes).
    Removing stm32f10x_tim.o(i.TIM_ClearOC3Ref), (12 bytes).
    Removing stm32f10x_tim.o(i.TIM_ClearOC4Ref), (20 bytes).
    Removing stm32f10x_tim.o(i.TIM_CounterModeConfig), (12 bytes).
    Removing stm32f10x_tim.o(i.TIM_CtrlPWMOutputs), (22 bytes).
    Removing stm32f10x_tim.o(i.TIM_ETRClockMode1Config), (18 bytes).
    Removing stm32f10x_tim.o(i.TIM_ETRClockMode2Config), (18 bytes).
    Removing stm32f10x_tim.o(i.TIM_ETRConfig), (24 bytes).
    Removing stm32f10x_tim.o(i.TIM_EncoderInterfaceConfig), (50 bytes).
    Removing stm32f10x_tim.o(i.TIM_ForcedOC1Config), (12 bytes).
    Removing stm32f10x_tim.o(i.TIM_ForcedOC2Config), (20 bytes).
    Removing stm32f10x_tim.o(i.TIM_ForcedOC3Config), (12 bytes).
    Removing stm32f10x_tim.o(i.TIM_ForcedOC4Config), (20 bytes).
    Removing stm32f10x_tim.o(i.TIM_GenerateEvent), (4 bytes).
    Removing stm32f10x_tim.o(i.TIM_GetCapture1), (4 bytes).
    Removing stm32f10x_tim.o(i.TIM_GetCapture2), (4 bytes).
    Removing stm32f10x_tim.o(i.TIM_GetCapture3), (4 bytes).
    Removing stm32f10x_tim.o(i.TIM_GetCapture4), (6 bytes).
    Removing stm32f10x_tim.o(i.TIM_GetCounter), (4 bytes).
    Removing stm32f10x_tim.o(i.TIM_GetFlagStatus), (14 bytes).
    Removing stm32f10x_tim.o(i.TIM_GetPrescaler), (4 bytes).
    Removing stm32f10x_tim.o(i.TIM_ICStructInit), (16 bytes).
    Removing stm32f10x_tim.o(i.TIM_ITRxExternalClockConfig), (18 bytes).
    Removing stm32f10x_tim.o(i.TIM_OC1FastConfig), (12 bytes).
    Removing stm32f10x_tim.o(i.TIM_OC1Init), (128 bytes).
    Removing stm32f10x_tim.o(i.TIM_OC1NPolarityConfig), (12 bytes).
    Removing stm32f10x_tim.o(i.TIM_OC1PolarityConfig), (12 bytes).
    Removing stm32f10x_tim.o(i.TIM_OC1PreloadConfig), (12 bytes).
    Removing stm32f10x_tim.o(i.TIM_OC2FastConfig), (20 bytes).
    Removing stm32f10x_tim.o(i.TIM_OC2Init), (128 bytes).
    Removing stm32f10x_tim.o(i.TIM_OC2NPolarityConfig), (20 bytes).
    Removing stm32f10x_tim.o(i.TIM_OC2PolarityConfig), (20 bytes).
    Removing stm32f10x_tim.o(i.TIM_OC2PreloadConfig), (20 bytes).
    Removing stm32f10x_tim.o(i.TIM_OC3FastConfig), (12 bytes).
    Removing stm32f10x_tim.o(i.TIM_OC3Init), (124 bytes).
    Removing stm32f10x_tim.o(i.TIM_OC3NPolarityConfig), (20 bytes).
    Removing stm32f10x_tim.o(i.TIM_OC3PolarityConfig), (20 bytes).
    Removing stm32f10x_tim.o(i.TIM_OC3PreloadConfig), (12 bytes).
    Removing stm32f10x_tim.o(i.TIM_OC4FastConfig), (20 bytes).
    Removing stm32f10x_tim.o(i.TIM_OC4Init), (100 bytes).
    Removing stm32f10x_tim.o(i.TIM_OC4PolarityConfig), (20 bytes).
    Removing stm32f10x_tim.o(i.TIM_OC4PreloadConfig), (20 bytes).
    Removing stm32f10x_tim.o(i.TIM_OCStructInit), (20 bytes).
    Removing stm32f10x_tim.o(i.TIM_PWMIConfig), (108 bytes).
    Removing stm32f10x_tim.o(i.TIM_PrescalerConfig), (6 bytes).
    Removing stm32f10x_tim.o(i.TIM_SelectCCDMA), (20 bytes).
    Removing stm32f10x_tim.o(i.TIM_SelectCOM), (20 bytes).
    Removing stm32f10x_tim.o(i.TIM_SelectHallSensor), (20 bytes).
    Removing stm32f10x_tim.o(i.TIM_SelectOCxM), (70 bytes).
    Removing stm32f10x_tim.o(i.TIM_SelectOnePulseMode), (16 bytes).
    Removing stm32f10x_tim.o(i.TIM_SelectOutputTrigger), (16 bytes).
    Removing stm32f10x_tim.o(i.TIM_SetAutoreload), (4 bytes).
    Removing stm32f10x_tim.o(i.TIM_SetClockDivision), (16 bytes).
    Removing stm32f10x_tim.o(i.TIM_SetCompare1), (4 bytes).
    Removing stm32f10x_tim.o(i.TIM_SetCompare2), (4 bytes).
    Removing stm32f10x_tim.o(i.TIM_SetCompare3), (4 bytes).
    Removing stm32f10x_tim.o(i.TIM_SetCompare4), (6 bytes).
    Removing stm32f10x_tim.o(i.TIM_SetCounter), (4 bytes).
    Removing stm32f10x_tim.o(i.TIM_TIxExternalClockConfig), (46 bytes).
    Removing stm32f10x_tim.o(i.TIM_TimeBaseStructInit), (18 bytes).
    Removing stm32f10x_tim.o(i.TIM_UpdateDisableConfig), (20 bytes).
    Removing stm32f10x_tim.o(i.TIM_UpdateRequestConfig), (20 bytes).
    Removing stm32f10x_wwdg.o(i.WWDG_ClearFlag), (12 bytes).
    Removing stm32f10x_wwdg.o(i.WWDG_DeInit), (24 bytes).
    Removing stm32f10x_wwdg.o(i.WWDG_Enable), (16 bytes).
    Removing stm32f10x_wwdg.o(i.WWDG_EnableIT), (16 bytes).
    Removing stm32f10x_wwdg.o(i.WWDG_GetFlagStatus), (12 bytes).
    Removing stm32f10x_wwdg.o(i.WWDG_SetCounter), (16 bytes).
    Removing stm32f10x_wwdg.o(i.WWDG_SetPrescaler), (20 bytes).
    Removing stm32f10x_wwdg.o(i.WWDG_SetWindowValue), (28 bytes).
    Removing core_cm3.o(.emb_text), (32 bytes).
    Removing system_stm32f10x.o(i.SystemCoreClockUpdate), (108 bytes).
    Removing system_stm32f10x.o(.data), (20 bytes).
    Removing startup_stm32f10x_hd_vl.o(HEAP), (512 bytes).

429 unused section(s) (total 12808 bytes) removed from the image.

==============================================================================

Image Symbol Table

    Local Symbols

    Symbol Name                              Value     Ov Type        Size  Object(Section)

    ../clib/microlib/init/entry.s            0x00000000   Number         0  entry8b.o ABSOLUTE
    ../clib/microlib/init/entry.s            0x00000000   Number         0  entry.o ABSOLUTE
    ../clib/microlib/init/entry.s            0x00000000   Number         0  entry7b.o ABSOLUTE
    ../clib/microlib/init/entry.s            0x00000000   Number         0  entry11b.o ABSOLUTE
    ../clib/microlib/init/entry.s            0x00000000   Number         0  entry11a.o ABSOLUTE
    ../clib/microlib/init/entry.s            0x00000000   Number         0  entry10b.o ABSOLUTE
    ../clib/microlib/init/entry.s            0x00000000   Number         0  entry10a.o ABSOLUTE
    ../clib/microlib/init/entry.s            0x00000000   Number         0  entry9b.o ABSOLUTE
    ../clib/microlib/init/entry.s            0x00000000   Number         0  entry9a.o ABSOLUTE
    ../clib/microlib/init/entry.s            0x00000000   Number         0  entry8a.o ABSOLUTE
    ../clib/microlib/init/entry.s            0x00000000   Number         0  entry7a.o ABSOLUTE
    ../clib/microlib/init/entry.s            0x00000000   Number         0  entry5.o ABSOLUTE
    ../clib/microlib/init/entry.s            0x00000000   Number         0  entry2.o ABSOLUTE
    ../clib/microlib/stubs.s                 0x00000000   Number         0  iusefp.o ABSOLUTE
    ../fplib/microlib/fpadd.c                0x00000000   Number         0  fadd.o ABSOLUTE
    ../fplib/microlib/fpdiv.c                0x00000000   Number         0  fdiv.o ABSOLUTE
    ../fplib/microlib/fpepilogue.c           0x00000000   Number         0  fepilogue.o ABSOLUTE
    ../fplib/microlib/fpfix.c                0x00000000   Number         0  ffixui.o ABSOLUTE
    ../fplib/microlib/fpflt.c                0x00000000   Number         0  ffltui.o ABSOLUTE
    ../fplib/microlib/fpscalb.c              0x00000000   Number         0  fscalb.o ABSOLUTE
    ..\..\..\Libraries\CMSIS\CM3\CoreSupport\core_cm3.c 0x00000000   Number         0  core_cm3.o ABSOLUTE
    ..\..\..\Libraries\CMSIS\CM3\DeviceSupport\ST\STM32F10x\startup\arm\startup_stm32f10x_hd_vl.s 0x00000000   Number         0  startup_stm32f10x_hd_vl.o ABSOLUTE
    ..\..\..\Libraries\STM32F10x_StdPeriph_Driver\src\misc.c 0x00000000   Number         0  misc.o ABSOLUTE
    ..\..\..\Libraries\STM32F10x_StdPeriph_Driver\src\stm32f10x_adc.c 0x00000000   Number         0  stm32f10x_adc.o ABSOLUTE
    ..\..\..\Libraries\STM32F10x_StdPeriph_Driver\src\stm32f10x_bkp.c 0x00000000   Number         0  stm32f10x_bkp.o ABSOLUTE
    ..\..\..\Libraries\STM32F10x_StdPeriph_Driver\src\stm32f10x_can.c 0x00000000   Number         0  stm32f10x_can.o ABSOLUTE
    ..\..\..\Libraries\STM32F10x_StdPeriph_Driver\src\stm32f10x_cec.c 0x00000000   Number         0  stm32f10x_cec.o ABSOLUTE
    ..\..\..\Libraries\STM32F10x_StdPeriph_Driver\src\stm32f10x_crc.c 0x00000000   Number         0  stm32f10x_crc.o ABSOLUTE
    ..\..\..\Libraries\STM32F10x_StdPeriph_Driver\src\stm32f10x_dac.c 0x00000000   Number         0  stm32f10x_dac.o ABSOLUTE
    ..\..\..\Libraries\STM32F10x_StdPeriph_Driver\src\stm32f10x_dbgmcu.c 0x00000000   Number         0  stm32f10x_dbgmcu.o ABSOLUTE
    ..\..\..\Libraries\STM32F10x_StdPeriph_Driver\src\stm32f10x_dma.c 0x00000000   Number         0  stm32f10x_dma.o ABSOLUTE
    ..\..\..\Libraries\STM32F10x_StdPeriph_Driver\src\stm32f10x_exti.c 0x00000000   Number         0  stm32f10x_exti.o ABSOLUTE
    ..\..\..\Libraries\STM32F10x_StdPeriph_Driver\src\stm32f10x_flash.c 0x00000000   Number         0  stm32f10x_flash.o ABSOLUTE
    ..\..\..\Libraries\STM32F10x_StdPeriph_Driver\src\stm32f10x_fsmc.c 0x00000000   Number         0  stm32f10x_fsmc.o ABSOLUTE
    ..\..\..\Libraries\STM32F10x_StdPeriph_Driver\src\stm32f10x_gpio.c 0x00000000   Number         0  stm32f10x_gpio.o ABSOLUTE
    ..\..\..\Libraries\STM32F10x_StdPeriph_Driver\src\stm32f10x_i2c.c 0x00000000   Number         0  stm32f10x_i2c.o ABSOLUTE
    ..\..\..\Libraries\STM32F10x_StdPeriph_Driver\src\stm32f10x_iwdg.c 0x00000000   Number         0  stm32f10x_iwdg.o ABSOLUTE
    ..\..\..\Libraries\STM32F10x_StdPeriph_Driver\src\stm32f10x_pwr.c 0x00000000   Number         0  stm32f10x_pwr.o ABSOLUTE
    ..\..\..\Libraries\STM32F10x_StdPeriph_Driver\src\stm32f10x_rcc.c 0x00000000   Number         0  stm32f10x_rcc.o ABSOLUTE
    ..\..\..\Libraries\STM32F10x_StdPeriph_Driver\src\stm32f10x_rtc.c 0x00000000   Number         0  stm32f10x_rtc.o ABSOLUTE
    ..\..\..\Libraries\STM32F10x_StdPeriph_Driver\src\stm32f10x_sdio.c 0x00000000   Number         0  stm32f10x_sdio.o ABSOLUTE
    ..\..\..\Libraries\STM32F10x_StdPeriph_Driver\src\stm32f10x_spi.c 0x00000000   Number         0  stm32f10x_spi.o ABSOLUTE
    ..\..\..\Libraries\STM32F10x_StdPeriph_Driver\src\stm32f10x_tim.c 0x00000000   Number         0  stm32f10x_tim.o ABSOLUTE
    ..\..\..\Libraries\STM32F10x_StdPeriph_Driver\src\stm32f10x_usart.c 0x00000000   Number         0  stm32f10x_usart.o ABSOLUTE
    ..\..\..\Libraries\STM32F10x_StdPeriph_Driver\src\stm32f10x_wwdg.c 0x00000000   Number         0  stm32f10x_wwdg.o ABSOLUTE
    ..\\..\\..\\Libraries\\CMSIS\\CM3\\CoreSupport\\core_cm3.c 0x00000000   Number         0  core_cm3.o ABSOLUTE
    ..\main.c                                0x00000000   Number         0  main.o ABSOLUTE
    ..\stm32f10x_it.c                        0x00000000   Number         0  stm32f10x_it.o ABSOLUTE
    ..\system_stm32f10x.c                    0x00000000   Number         0  system_stm32f10x.o ABSOLUTE
    dc.s                                     0x00000000   Number         0  dc.o ABSOLUTE
    handlers.s                               0x00000000   Number         0  handlers.o ABSOLUTE
    init.s                                   0x00000000   Number         0  init.o ABSOLUTE
    RESET                                    0x08000000   Section      308  startup_stm32f10x_hd_vl.o(RESET)
    .ARM.Collect$$$$00000000                 0x08000134   Section        0  entry.o(.ARM.Collect$$$$00000000)
    .ARM.Collect$$$$00000001                 0x08000134   Section        4  entry2.o(.ARM.Collect$$$$00000001)
    .ARM.Collect$$$$00000004                 0x08000138   Section        4  entry5.o(.ARM.Collect$$$$00000004)
    .ARM.Collect$$$$00000008                 0x0800013c   Section        0  entry7b.o(.ARM.Collect$$$$00000008)
    .ARM.Collect$$$$0000000A                 0x0800013c   Section        0  entry8b.o(.ARM.Collect$$$$0000000A)
    .ARM.Collect$$$$0000000B                 0x0800013c   Section        8  entry9a.o(.ARM.Collect$$$$0000000B)
    .ARM.Collect$$$$0000000D                 0x08000144   Section        0  entry10a.o(.ARM.Collect$$$$0000000D)
    .ARM.Collect$$$$0000000F                 0x08000144   Section        0  entry11a.o(.ARM.Collect$$$$0000000F)
    .ARM.Collect$$$$00002712                 0x08000144   Section        4  entry2.o(.ARM.Collect$$$$00002712)
    __lit__00000000                          0x08000144   Data           4  entry2.o(.ARM.Collect$$$$00002712)
    .text                                    0x08000148   Section       36  startup_stm32f10x_hd_vl.o(.text)
    .text                                    0x0800016c   Section        0  fadd.o(.text)
    .text                                    0x0800021c   Section        0  fdiv.o(.text)
    .text                                    0x08000298   Section        0  fscalb.o(.text)
    .text                                    0x080002b0   Section        0  ffltui.o(.text)
    .text                                    0x080002ba   Section        0  ffixui.o(.text)
    .text                                    0x080002e2   Section        0  fepilogue.o(.text)
    .text                                    0x080002e2   Section        0  iusefp.o(.text)
    .text                                    0x08000350   Section       36  init.o(.text)
    i.ADC_Cmd                                0x08000374   Section        0  stm32f10x_adc.o(i.ADC_Cmd)
    i.ADC_Configuration                      0x08000388   Section        0  main.o(i.ADC_Configuration)
    i.ADC_DeInit                             0x080003f0   Section        0  stm32f10x_adc.o(i.ADC_DeInit)
    i.ADC_GetCalibrationStatus               0x08000434   Section        0  stm32f10x_adc.o(i.ADC_GetCalibrationStatus)
    i.ADC_GetConversionValue                 0x08000442   Section        0  stm32f10x_adc.o(i.ADC_GetConversionValue)
    i.ADC_GetFlagStatus                      0x08000448   Section        0  stm32f10x_adc.o(i.ADC_GetFlagStatus)
    i.ADC_GetResetCalibrationStatus          0x08000456   Section        0  stm32f10x_adc.o(i.ADC_GetResetCalibrationStatus)
    i.ADC_Init                               0x08000464   Section        0  stm32f10x_adc.o(i.ADC_Init)
    i.ADC_RegularChannelConfig               0x080004ac   Section        0  stm32f10x_adc.o(i.ADC_RegularChannelConfig)
    i.ADC_ResetCalibration                   0x08000520   Section        0  stm32f10x_adc.o(i.ADC_ResetCalibration)
    i.ADC_SoftwareStartConvCmd               0x0800052a   Section        0  stm32f10x_adc.o(i.ADC_SoftwareStartConvCmd)
    i.ADC_StartCalibration                   0x0800053e   Section        0  stm32f10x_adc.o(i.ADC_StartCalibration)
    i.BusFault_Handler                       0x08000548   Section        0  stm32f10x_it.o(i.BusFault_Handler)
    i.DELAY                                  0x0800054a   Section        0  main.o(i.DELAY)
    i.DMA1_Channel1_IRQHandler               0x08000564   Section        0  stm32f10x_it.o(i.DMA1_Channel1_IRQHandler)
    i.DMA1_Channel2_IRQHandler               0x08000620   Section        0  stm32f10x_it.o(i.DMA1_Channel2_IRQHandler)
    i.DMA1_Channel3_IRQHandler               0x080006dc   Section        0  stm32f10x_it.o(i.DMA1_Channel3_IRQHandler)
    i.DMA1_Channel5_IRQHandler               0x080007a0   Section        0  stm32f10x_it.o(i.DMA1_Channel5_IRQHandler)
    i.DMA1_Channel6_IRQHandler               0x08000864   Section        0  stm32f10x_it.o(i.DMA1_Channel6_IRQHandler)
    i.DMA1_Channel7_IRQHandler               0x08000928   Section        0  stm32f10x_it.o(i.DMA1_Channel7_IRQHandler)
    i.DMA_ClearFlag                          0x080009e8   Section        0  stm32f10x_dma.o(i.DMA_ClearFlag)
    i.DMA_Cmd                                0x08000a00   Section        0  stm32f10x_dma.o(i.DMA_Cmd)
    i.DMA_DeInit                             0x08000a18   Section        0  stm32f10x_dma.o(i.DMA_DeInit)
    i.DMA_GetFlagStatus                      0x08000afc   Section        0  stm32f10x_dma.o(i.DMA_GetFlagStatus)
    i.DMA_ITConfig                           0x08000b1c   Section        0  stm32f10x_dma.o(i.DMA_ITConfig)
    i.DMA_Init                               0x08000b2c   Section        0  stm32f10x_dma.o(i.DMA_Init)
    i.DebugMon_Handler                       0x08000b66   Section        0  stm32f10x_it.o(i.DebugMon_Handler)
    i.GPIO_Configuration                     0x08000b68   Section        0  main.o(i.GPIO_Configuration)
    i.GPIO_Init                              0x08000c78   Section        0  stm32f10x_gpio.o(i.GPIO_Init)
    i.GPIO_PinRemapConfig                    0x08000d1c   Section        0  stm32f10x_gpio.o(i.GPIO_PinRemapConfig)
    i.GPIO_ResetBits                         0x08000d74   Section        0  stm32f10x_gpio.o(i.GPIO_ResetBits)
    i.GPIO_SetBits                           0x08000d78   Section        0  stm32f10x_gpio.o(i.GPIO_SetBits)
    i.HardFault_Handler                      0x08000d7c   Section        0  stm32f10x_it.o(i.HardFault_Handler)
    i.MEASUREMENT                            0x08000d80   Section        0  main.o(i.MEASUREMENT)
    i.MemManage_Handler                      0x08000df4   Section        0  stm32f10x_it.o(i.MemManage_Handler)
    i.NMI_Handler                            0x08000df6   Section        0  stm32f10x_it.o(i.NMI_Handler)
    i.NVIC_Configuration                     0x08000df8   Section        0  main.o(i.NVIC_Configuration)
    i.NVIC_Init                              0x08000e1c   Section        0  misc.o(i.NVIC_Init)
    i.NVIC_PriorityGroupConfig               0x08000e80   Section        0  misc.o(i.NVIC_PriorityGroupConfig)
    i.PendSV_Handler                         0x08000e94   Section        0  stm32f10x_it.o(i.PendSV_Handler)
    i.RCC_ADCCLKConfig                       0x08000e98   Section        0  stm32f10x_rcc.o(i.RCC_ADCCLKConfig)
    i.RCC_AHBPeriphClockCmd                  0x08000eac   Section        0  stm32f10x_rcc.o(i.RCC_AHBPeriphClockCmd)
    i.RCC_APB1PeriphClockCmd                 0x08000ec4   Section        0  stm32f10x_rcc.o(i.RCC_APB1PeriphClockCmd)
    i.RCC_APB1PeriphResetCmd                 0x08000edc   Section        0  stm32f10x_rcc.o(i.RCC_APB1PeriphResetCmd)
    i.RCC_APB2PeriphClockCmd                 0x08000ef4   Section        0  stm32f10x_rcc.o(i.RCC_APB2PeriphClockCmd)
    i.RCC_APB2PeriphResetCmd                 0x08000f0c   Section        0  stm32f10x_rcc.o(i.RCC_APB2PeriphResetCmd)
    i.RCC_Configuration                      0x08000f24   Section        0  main.o(i.RCC_Configuration)
    i.RCC_GetClocksFreq                      0x08000f64   Section        0  stm32f10x_rcc.o(i.RCC_GetClocksFreq)
    i.SPI_Configuration                      0x08000ffc   Section        0  main.o(i.SPI_Configuration)
    i.SPI_Init                               0x08001040   Section        0  stm32f10x_spi.o(i.SPI_Init)
    i.SPI_SSOutputCmd                        0x08001078   Section        0  stm32f10x_spi.o(i.SPI_SSOutputCmd)
    i.SVC_Handler                            0x0800108c   Section        0  stm32f10x_it.o(i.SVC_Handler)
    i.SetSysClockTo24                        0x08001090   Section        0  system_stm32f10x.o(i.SetSysClockTo24)
    SetSysClockTo24                          0x08001091   Thumb Code   130  system_stm32f10x.o(i.SetSysClockTo24)
    i.SysTick_Handler                        0x08001118   Section        0  stm32f10x_it.o(i.SysTick_Handler)
    i.SystemInit                             0x0800111c   Section        0  system_stm32f10x.o(i.SystemInit)
    i.TI1_Config                             0x08001170   Section        0  stm32f10x_tim.o(i.TI1_Config)
    TI1_Config                               0x08001171   Thumb Code    88  stm32f10x_tim.o(i.TI1_Config)
    i.TI2_Config                             0x080011dc   Section        0  stm32f10x_tim.o(i.TI2_Config)
    TI2_Config                               0x080011dd   Thumb Code   102  stm32f10x_tim.o(i.TI2_Config)
    i.TIM6_DAC_IRQHandler                    0x08001258   Section        0  stm32f10x_it.o(i.TIM6_DAC_IRQHandler)
    i.TIM_ARRPreloadConfig                   0x0800129c   Section        0  stm32f10x_tim.o(i.TIM_ARRPreloadConfig)
    i.TIM_ClearITPendingBit                  0x080012b0   Section        0  stm32f10x_tim.o(i.TIM_ClearITPendingBit)
    i.TIM_Cmd                                0x080012b6   Section        0  stm32f10x_tim.o(i.TIM_Cmd)
    i.TIM_DMACmd                             0x080012ca   Section        0  stm32f10x_tim.o(i.TIM_DMACmd)
    i.TIM_DMAConfig                          0x080012da   Section        0  stm32f10x_tim.o(i.TIM_DMAConfig)
    i.TIM_DeInit                             0x080012e4   Section        0  stm32f10x_tim.o(i.TIM_DeInit)
    i.TIM_GetITStatus                        0x08001454   Section        0  stm32f10x_tim.o(i.TIM_GetITStatus)
    i.TIM_ICInit                             0x0800146c   Section        0  stm32f10x_tim.o(i.TIM_ICInit)
    i.TIM_ITConfig                           0x08001598   Section        0  stm32f10x_tim.o(i.TIM_ITConfig)
    i.TIM_InternalClockConfig                0x080015a8   Section        0  stm32f10x_tim.o(i.TIM_InternalClockConfig)
    i.TIM_SelectInputTrigger                 0x080015b2   Section        0  stm32f10x_tim.o(i.TIM_SelectInputTrigger)
    i.TIM_SelectMasterSlaveMode              0x080015be   Section        0  stm32f10x_tim.o(i.TIM_SelectMasterSlaveMode)
    i.TIM_SelectSlaveMode                    0x080015ce   Section        0  stm32f10x_tim.o(i.TIM_SelectSlaveMode)
    i.TIM_SetIC1Prescaler                    0x080015de   Section        0  stm32f10x_tim.o(i.TIM_SetIC1Prescaler)
    i.TIM_SetIC2Prescaler                    0x080015ee   Section        0  stm32f10x_tim.o(i.TIM_SetIC2Prescaler)
    i.TIM_SetIC3Prescaler                    0x08001606   Section        0  stm32f10x_tim.o(i.TIM_SetIC3Prescaler)
    i.TIM_SetIC4Prescaler                    0x08001616   Section        0  stm32f10x_tim.o(i.TIM_SetIC4Prescaler)
    i.TIM_TimeBaseInit                       0x08001630   Section        0  stm32f10x_tim.o(i.TIM_TimeBaseInit)
    i.USART3_IRQHandler                      0x080016cc   Section        0  stm32f10x_it.o(i.USART3_IRQHandler)
    i.USART_Cmd                              0x080017f0   Section        0  stm32f10x_usart.o(i.USART_Cmd)
    i.USART_Configuration                    0x08001804   Section        0  main.o(i.USART_Configuration)
    i.USART_GetFlagStatus                    0x08001884   Section        0  stm32f10x_usart.o(i.USART_GetFlagStatus)
    i.USART_GetITStatus                      0x08001892   Section        0  stm32f10x_usart.o(i.USART_GetITStatus)
    i.USART_ITConfig                         0x080018d0   Section        0  stm32f10x_usart.o(i.USART_ITConfig)
    i.USART_Init                             0x08001900   Section        0  stm32f10x_usart.o(i.USART_Init)
    i.USART_ReceiveData                      0x080019ac   Section        0  stm32f10x_usart.o(i.USART_ReceiveData)
    i.USART_SendData                         0x080019b4   Section        0  stm32f10x_usart.o(i.USART_SendData)
    i.UsageFault_Handler                     0x080019bc   Section        0  stm32f10x_it.o(i.UsageFault_Handler)
    i.__scatterload_copy                     0x080019be   Section       14  handlers.o(i.__scatterload_copy)
    i.__scatterload_null                     0x080019cc   Section        2  handlers.o(i.__scatterload_null)
    i.__scatterload_zeroinit                 0x080019ce   Section       14  handlers.o(i.__scatterload_zeroinit)
    i.capture                                0x080019dc   Section        0  main.o(i.capture)
    i.dma_NVIC                               0x08001a74   Section        0  main.o(i.dma_NVIC)
    i.get_channel                            0x08001ae4   Section        0  main.o(i.get_channel)
    i.get_temperature                        0x08001b6c   Section        0  main.o(i.get_temperature)
    i.init_dma                               0x08001bc4   Section        0  main.o(i.init_dma)
    i.init_timer                             0x08001d30   Section        0  main.o(i.init_timer)
    i.main                                   0x08001f64   Section        0  main.o(i.main)
    i.uart_senddata                          0x08002008   Section        0  main.o(i.uart_senddata)
    i.write_to_data_buf                      0x08002030   Section        0  main.o(i.write_to_data_buf)
    .data                                    0x20000000   Section       16  stm32f10x_it.o(.data)
    .data                                    0x20000010   Section      150  main.o(.data)
    .data                                    0x200000a6   Section        1  main.o(.data)
    .data                                    0x200000a8   Section        4  main.o(.data)
    .data                                    0x200000ac   Section       20  stm32f10x_rcc.o(.data)
    ADCPrescTable                            0x200000ac   Data           4  stm32f10x_rcc.o(.data)
    APBAHBPrescTable                         0x200000b0   Data          16  stm32f10x_rcc.o(.data)
    .bss                                     0x200000c0   Section      120  stm32f10x_it.o(.bss)
    .bss                                     0x20000138   Section      418  main.o(.bss)
    .bss                                     0x200002da   Section       15  main.o(.bss)
    STACK                                    0x200002f0   Section     1024  startup_stm32f10x_hd_vl.o(STACK)

    Global Symbols

    Symbol Name                              Value     Ov Type        Size  Object(Section)

    BuildAttributes$$THM_ISAv4$P$D$K$B$S$PE$A:L22UL41UL21$X:L11$S22US41US21$IEEE1$IW$USESV6$~STKCKD$USESV7$~SHL$OTIME$ROPI$EBA8$MICROLIB$REQ8$PRES8$EABIv2 0x00000000   Number         0  anon$$obj.o ABSOLUTE
    __ARM_use_no_argv                        0x00000000   Number         0  main.o ABSOLUTE
    __cpp_initialize__aeabi_                  - Undefined Weak Reference
    __cxa_finalize                            - Undefined Weak Reference
    __decompress                              - Undefined Weak Reference
    _clock_init                               - Undefined Weak Reference
    _microlib_exit                            - Undefined Weak Reference
    __Vectors_Size                           0x00000134   Number         0  startup_stm32f10x_hd_vl.o ABSOLUTE
    __Vectors                                0x08000000   Data           4  startup_stm32f10x_hd_vl.o(RESET)
    __Vectors_End                            0x08000134   Data           0  startup_stm32f10x_hd_vl.o(RESET)
    __main                                   0x08000135   Thumb Code     0  entry.o(.ARM.Collect$$$$00000000)
    _main_stk                                0x08000135   Thumb Code     0  entry2.o(.ARM.Collect$$$$00000001)
    _main_scatterload                        0x08000139   Thumb Code     0  entry5.o(.ARM.Collect$$$$00000004)
    __main_after_scatterload                 0x0800013d   Thumb Code     0  entry5.o(.ARM.Collect$$$$00000004)
    _main_clock                              0x0800013d   Thumb Code     0  entry7b.o(.ARM.Collect$$$$00000008)
    _main_cpp_init                           0x0800013d   Thumb Code     0  entry8b.o(.ARM.Collect$$$$0000000A)
    _main_init                               0x0800013d   Thumb Code     0  entry9a.o(.ARM.Collect$$$$0000000B)
    __rt_final_cpp                           0x08000145   Thumb Code     0  entry10a.o(.ARM.Collect$$$$0000000D)
    __rt_final_exit                          0x08000145   Thumb Code     0  entry11a.o(.ARM.Collect$$$$0000000F)
    Reset_Handler                            0x08000149   Thumb Code     8  startup_stm32f10x_hd_vl.o(.text)
    ADC1_IRQHandler                          0x08000163   Thumb Code     0  startup_stm32f10x_hd_vl.o(.text)
    CEC_IRQHandler                           0x08000163   Thumb Code     0  startup_stm32f10x_hd_vl.o(.text)
    DMA1_Channel4_IRQHandler                 0x08000163   Thumb Code     0  startup_stm32f10x_hd_vl.o(.text)
    DMA2_Channel1_IRQHandler                 0x08000163   Thumb Code     0  startup_stm32f10x_hd_vl.o(.text)
    DMA2_Channel2_IRQHandler                 0x08000163   Thumb Code     0  startup_stm32f10x_hd_vl.o(.text)
    DMA2_Channel3_IRQHandler                 0x08000163   Thumb Code     0  startup_stm32f10x_hd_vl.o(.text)
    DMA2_Channel4_5_IRQHandler               0x08000163   Thumb Code     0  startup_stm32f10x_hd_vl.o(.text)
    DMA2_Channel5_IRQHandler                 0x08000163   Thumb Code     0  startup_stm32f10x_hd_vl.o(.text)
    EXTI0_IRQHandler                         0x08000163   Thumb Code     0  startup_stm32f10x_hd_vl.o(.text)
    EXTI15_10_IRQHandler                     0x08000163   Thumb Code     0  startup_stm32f10x_hd_vl.o(.text)
    EXTI1_IRQHandler                         0x08000163   Thumb Code     0  startup_stm32f10x_hd_vl.o(.text)
    EXTI2_IRQHandler                         0x08000163   Thumb Code     0  startup_stm32f10x_hd_vl.o(.text)
    EXTI3_IRQHandler                         0x08000163   Thumb Code     0  startup_stm32f10x_hd_vl.o(.text)
    EXTI4_IRQHandler                         0x08000163   Thumb Code     0  startup_stm32f10x_hd_vl.o(.text)
    EXTI9_5_IRQHandler                       0x08000163   Thumb Code     0  startup_stm32f10x_hd_vl.o(.text)
    FLASH_IRQHandler                         0x08000163   Thumb Code     0  startup_stm32f10x_hd_vl.o(.text)
    I2C1_ER_IRQHandler                       0x08000163   Thumb Code     0  startup_stm32f10x_hd_vl.o(.text)
    I2C1_EV_IRQHandler                       0x08000163   Thumb Code     0  startup_stm32f10x_hd_vl.o(.text)
    I2C2_ER_IRQHandler                       0x08000163   Thumb Code     0  startup_stm32f10x_hd_vl.o(.text)
    I2C2_EV_IRQHandler                       0x08000163   Thumb Code     0  startup_stm32f10x_hd_vl.o(.text)
    PVD_IRQHandler                           0x08000163   Thumb Code     0  startup_stm32f10x_hd_vl.o(.text)
    RCC_IRQHandler                           0x08000163   Thumb Code     0  startup_stm32f10x_hd_vl.o(.text)
    RTCAlarm_IRQHandler                      0x08000163   Thumb Code     0  startup_stm32f10x_hd_vl.o(.text)
    RTC_IRQHandler                           0x08000163   Thumb Code     0  startup_stm32f10x_hd_vl.o(.text)
    SPI1_IRQHandler                          0x08000163   Thumb Code     0  startup_stm32f10x_hd_vl.o(.text)
    SPI2_IRQHandler                          0x08000163   Thumb Code     0  startup_stm32f10x_hd_vl.o(.text)
    SPI3_IRQHandler                          0x08000163   Thumb Code     0  startup_stm32f10x_hd_vl.o(.text)
    TAMPER_IRQHandler                        0x08000163   Thumb Code     0  startup_stm32f10x_hd_vl.o(.text)
    TIM12_IRQHandler                         0x08000163   Thumb Code     0  startup_stm32f10x_hd_vl.o(.text)
    TIM13_IRQHandler                         0x08000163   Thumb Code     0  startup_stm32f10x_hd_vl.o(.text)
    TIM14_IRQHandler                         0x08000163   Thumb Code     0  startup_stm32f10x_hd_vl.o(.text)
    TIM1_BRK_TIM15_IRQHandler                0x08000163   Thumb Code     0  startup_stm32f10x_hd_vl.o(.text)
    TIM1_CC_IRQHandler                       0x08000163   Thumb Code     0  startup_stm32f10x_hd_vl.o(.text)
    TIM1_TRG_COM_TIM17_IRQHandler            0x08000163   Thumb Code     0  startup_stm32f10x_hd_vl.o(.text)
    TIM1_UP_TIM16_IRQHandler                 0x08000163   Thumb Code     0  startup_stm32f10x_hd_vl.o(.text)
    TIM2_IRQHandler                          0x08000163   Thumb Code     0  startup_stm32f10x_hd_vl.o(.text)
    TIM3_IRQHandler                          0x08000163   Thumb Code     0  startup_stm32f10x_hd_vl.o(.text)
    TIM4_IRQHandler                          0x08000163   Thumb Code     0  startup_stm32f10x_hd_vl.o(.text)
    TIM5_IRQHandler                          0x08000163   Thumb Code     0  startup_stm32f10x_hd_vl.o(.text)
    TIM7_IRQHandler                          0x08000163   Thumb Code     0  startup_stm32f10x_hd_vl.o(.text)
    UART4_IRQHandler                         0x08000163   Thumb Code     0  startup_stm32f10x_hd_vl.o(.text)
    UART5_IRQHandler                         0x08000163   Thumb Code     0  startup_stm32f10x_hd_vl.o(.text)
    USART1_IRQHandler                        0x08000163   Thumb Code     0  startup_stm32f10x_hd_vl.o(.text)
    USART2_IRQHandler                        0x08000163   Thumb Code     0  startup_stm32f10x_hd_vl.o(.text)
    WWDG_IRQHandler                          0x08000163   Thumb Code     0  startup_stm32f10x_hd_vl.o(.text)
    __aeabi_fadd                             0x0800016d   Thumb Code   164  fadd.o(.text)
    __aeabi_fsub                             0x08000211   Thumb Code     6  fadd.o(.text)
    __aeabi_frsub                            0x08000217   Thumb Code     6  fadd.o(.text)
    __aeabi_fdiv                             0x0800021d   Thumb Code   124  fdiv.o(.text)
    __ARM_scalbnf                            0x08000299   Thumb Code    24  fscalb.o(.text)
    scalbnf                                  0x08000299   Thumb Code     0  fscalb.o(.text)
    __aeabi_ui2f                             0x080002b1   Thumb Code    10  ffltui.o(.text)
    __aeabi_f2uiz                            0x080002bb   Thumb Code    40  ffixui.o(.text)
    __I$use$fp                               0x080002e3   Thumb Code     0  iusefp.o(.text)
    _float_round                             0x080002e3   Thumb Code    18  fepilogue.o(.text)
    _float_epilogue                          0x080002f5   Thumb Code    92  fepilogue.o(.text)
    __scatterload                            0x08000351   Thumb Code    28  init.o(.text)
    __scatterload_rt2                        0x08000351   Thumb Code     0  init.o(.text)
    ADC_Cmd                                  0x08000375   Thumb Code    20  stm32f10x_adc.o(i.ADC_Cmd)
    ADC_Configuration                        0x08000389   Thumb Code    98  main.o(i.ADC_Configuration)
    ADC_DeInit                               0x080003f1   Thumb Code    56  stm32f10x_adc.o(i.ADC_DeInit)
    ADC_GetCalibrationStatus                 0x08000435   Thumb Code    14  stm32f10x_adc.o(i.ADC_GetCalibrationStatus)
    ADC_GetConversionValue                   0x08000443   Thumb Code     6  stm32f10x_adc.o(i.ADC_GetConversionValue)
    ADC_GetFlagStatus                        0x08000449   Thumb Code    14  stm32f10x_adc.o(i.ADC_GetFlagStatus)
    ADC_GetResetCalibrationStatus            0x08000457   Thumb Code    14  stm32f10x_adc.o(i.ADC_GetResetCalibrationStatus)
    ADC_Init                                 0x08000465   Thumb Code    62  stm32f10x_adc.o(i.ADC_Init)
    ADC_RegularChannelConfig                 0x080004ad   Thumb Code   116  stm32f10x_adc.o(i.ADC_RegularChannelConfig)
    ADC_ResetCalibration                     0x08000521   Thumb Code    10  stm32f10x_adc.o(i.ADC_ResetCalibration)
    ADC_SoftwareStartConvCmd                 0x0800052b   Thumb Code    20  stm32f10x_adc.o(i.ADC_SoftwareStartConvCmd)
    ADC_StartCalibration                     0x0800053f   Thumb Code    10  stm32f10x_adc.o(i.ADC_StartCalibration)
    BusFault_Handler                         0x08000549   Thumb Code     2  stm32f10x_it.o(i.BusFault_Handler)
    DELAY                                    0x0800054b   Thumb Code    26  main.o(i.DELAY)
    DMA1_Channel1_IRQHandler                 0x08000565   Thumb Code   158  stm32f10x_it.o(i.DMA1_Channel1_IRQHandler)
    DMA1_Channel2_IRQHandler                 0x08000621   Thumb Code   156  stm32f10x_it.o(i.DMA1_Channel2_IRQHandler)
    DMA1_Channel3_IRQHandler                 0x080006dd   Thumb Code   162  stm32f10x_it.o(i.DMA1_Channel3_IRQHandler)
    DMA1_Channel5_IRQHandler                 0x080007a1   Thumb Code   162  stm32f10x_it.o(i.DMA1_Channel5_IRQHandler)
    DMA1_Channel6_IRQHandler                 0x08000865   Thumb Code   162  stm32f10x_it.o(i.DMA1_Channel6_IRQHandler)
    DMA1_Channel7_IRQHandler                 0x08000929   Thumb Code   164  stm32f10x_it.o(i.DMA1_Channel7_IRQHandler)
    DMA_ClearFlag                            0x080009e9   Thumb Code    16  stm32f10x_dma.o(i.DMA_ClearFlag)
    DMA_Cmd                                  0x08000a01   Thumb Code    22  stm32f10x_dma.o(i.DMA_Cmd)
    DMA_DeInit                               0x08000a19   Thumb Code   218  stm32f10x_dma.o(i.DMA_DeInit)
    DMA_GetFlagStatus                        0x08000afd   Thumb Code    24  stm32f10x_dma.o(i.DMA_GetFlagStatus)
    DMA_ITConfig                             0x08000b1d   Thumb Code    16  stm32f10x_dma.o(i.DMA_ITConfig)
    DMA_Init                                 0x08000b2d   Thumb Code    58  stm32f10x_dma.o(i.DMA_Init)
    DebugMon_Handler                         0x08000b67   Thumb Code     2  stm32f10x_it.o(i.DebugMon_Handler)
    GPIO_Configuration                       0x08000b69   Thumb Code   256  main.o(i.GPIO_Configuration)
    GPIO_Init                                0x08000c79   Thumb Code   162  stm32f10x_gpio.o(i.GPIO_Init)
    GPIO_PinRemapConfig                      0x08000d1d   Thumb Code    82  stm32f10x_gpio.o(i.GPIO_PinRemapConfig)
    GPIO_ResetBits                           0x08000d75   Thumb Code     4  stm32f10x_gpio.o(i.GPIO_ResetBits)
    GPIO_SetBits                             0x08000d79   Thumb Code     4  stm32f10x_gpio.o(i.GPIO_SetBits)
    HardFault_Handler                        0x08000d7d   Thumb Code     2  stm32f10x_it.o(i.HardFault_Handler)
    MEASUREMENT                              0x08000d81   Thumb Code   112  main.o(i.MEASUREMENT)
    MemManage_Handler                        0x08000df5   Thumb Code     2  stm32f10x_it.o(i.MemManage_Handler)
    NMI_Handler                              0x08000df7   Thumb Code     2  stm32f10x_it.o(i.NMI_Handler)
    NVIC_Configuration                       0x08000df9   Thumb Code    36  main.o(i.NVIC_Configuration)
    NVIC_Init                                0x08000e1d   Thumb Code    94  misc.o(i.NVIC_Init)
    NVIC_PriorityGroupConfig                 0x08000e81   Thumb Code    10  misc.o(i.NVIC_PriorityGroupConfig)
    PendSV_Handler                           0x08000e95   Thumb Code     2  stm32f10x_it.o(i.PendSV_Handler)
    RCC_ADCCLKConfig                         0x08000e99   Thumb Code    14  stm32f10x_rcc.o(i.RCC_ADCCLKConfig)
    RCC_AHBPeriphClockCmd                    0x08000ead   Thumb Code    18  stm32f10x_rcc.o(i.RCC_AHBPeriphClockCmd)
    RCC_APB1PeriphClockCmd                   0x08000ec5   Thumb Code    18  stm32f10x_rcc.o(i.RCC_APB1PeriphClockCmd)
    RCC_APB1PeriphResetCmd                   0x08000edd   Thumb Code    18  stm32f10x_rcc.o(i.RCC_APB1PeriphResetCmd)
    RCC_APB2PeriphClockCmd                   0x08000ef5   Thumb Code    18  stm32f10x_rcc.o(i.RCC_APB2PeriphClockCmd)
    RCC_APB2PeriphResetCmd                   0x08000f0d   Thumb Code    18  stm32f10x_rcc.o(i.RCC_APB2PeriphResetCmd)
    RCC_Configuration                        0x08000f25   Thumb Code    62  main.o(i.RCC_Configuration)
    RCC_GetClocksFreq                        0x08000f65   Thumb Code   136  stm32f10x_rcc.o(i.RCC_GetClocksFreq)
    SPI_Configuration                        0x08000ffd   Thumb Code    58  main.o(i.SPI_Configuration)
    SPI_Init                                 0x08001041   Thumb Code    56  stm32f10x_spi.o(i.SPI_Init)
    SPI_SSOutputCmd                          0x08001079   Thumb Code    20  stm32f10x_spi.o(i.SPI_SSOutputCmd)
    SVC_Handler                              0x0800108d   Thumb Code     2  stm32f10x_it.o(i.SVC_Handler)
    SysTick_Handler                          0x08001119   Thumb Code     2  stm32f10x_it.o(i.SysTick_Handler)
    SystemInit                               0x0800111d   Thumb Code    68  system_stm32f10x.o(i.SystemInit)
    TIM6_DAC_IRQHandler                      0x08001259   Thumb Code    56  stm32f10x_it.o(i.TIM6_DAC_IRQHandler)
    TIM_ARRPreloadConfig                     0x0800129d   Thumb Code    20  stm32f10x_tim.o(i.TIM_ARRPreloadConfig)
    TIM_ClearITPendingBit                    0x080012b1   Thumb Code     6  stm32f10x_tim.o(i.TIM_ClearITPendingBit)
    TIM_Cmd                                  0x080012b7   Thumb Code    20  stm32f10x_tim.o(i.TIM_Cmd)
    TIM_DMACmd                               0x080012cb   Thumb Code    16  stm32f10x_tim.o(i.TIM_DMACmd)
    TIM_DMAConfig                            0x080012db   Thumb Code     8  stm32f10x_tim.o(i.TIM_DMAConfig)
    TIM_DeInit                               0x080012e5   Thumb Code   304  stm32f10x_tim.o(i.TIM_DeInit)
    TIM_GetITStatus                          0x08001455   Thumb Code    24  stm32f10x_tim.o(i.TIM_GetITStatus)
    TIM_ICInit                               0x0800146d   Thumb Code   280  stm32f10x_tim.o(i.TIM_ICInit)
    TIM_ITConfig                             0x08001599   Thumb Code    16  stm32f10x_tim.o(i.TIM_ITConfig)
    TIM_InternalClockConfig                  0x080015a9   Thumb Code    10  stm32f10x_tim.o(i.TIM_InternalClockConfig)
    TIM_SelectInputTrigger                   0x080015b3   Thumb Code    12  stm32f10x_tim.o(i.TIM_SelectInputTrigger)
    TIM_SelectMasterSlaveMode                0x080015bf   Thumb Code    16  stm32f10x_tim.o(i.TIM_SelectMasterSlaveMode)
    TIM_SelectSlaveMode                      0x080015cf   Thumb Code    16  stm32f10x_tim.o(i.TIM_SelectSlaveMode)
    TIM_SetIC1Prescaler                      0x080015df   Thumb Code    16  stm32f10x_tim.o(i.TIM_SetIC1Prescaler)
    TIM_SetIC2Prescaler                      0x080015ef   Thumb Code    24  stm32f10x_tim.o(i.TIM_SetIC2Prescaler)
    TIM_SetIC3Prescaler                      0x08001607   Thumb Code    16  stm32f10x_tim.o(i.TIM_SetIC3Prescaler)
    TIM_SetIC4Prescaler                      0x08001617   Thumb Code    24  stm32f10x_tim.o(i.TIM_SetIC4Prescaler)
    TIM_TimeBaseInit                         0x08001631   Thumb Code   114  stm32f10x_tim.o(i.TIM_TimeBaseInit)
    USART3_IRQHandler                        0x080016cd   Thumb Code   260  stm32f10x_it.o(i.USART3_IRQHandler)
    USART_Cmd                                0x080017f1   Thumb Code    20  stm32f10x_usart.o(i.USART_Cmd)
    USART_Configuration                      0x08001805   Thumb Code   114  main.o(i.USART_Configuration)
    USART_GetFlagStatus                      0x08001885   Thumb Code    14  stm32f10x_usart.o(i.USART_GetFlagStatus)
    USART_GetITStatus                        0x08001893   Thumb Code    62  stm32f10x_usart.o(i.USART_GetITStatus)
    USART_ITConfig                           0x080018d1   Thumb Code    48  stm32f10x_usart.o(i.USART_ITConfig)
    USART_Init                               0x08001901   Thumb Code   166  stm32f10x_usart.o(i.USART_Init)
    USART_ReceiveData                        0x080019ad   Thumb Code     8  stm32f10x_usart.o(i.USART_ReceiveData)
    USART_SendData                           0x080019b5   Thumb Code     8  stm32f10x_usart.o(i.USART_SendData)
    UsageFault_Handler                       0x080019bd   Thumb Code     2  stm32f10x_it.o(i.UsageFault_Handler)
    __scatterload_copy                       0x080019bf   Thumb Code    14  handlers.o(i.__scatterload_copy)
    __scatterload_null                       0x080019cd   Thumb Code     2  handlers.o(i.__scatterload_null)
    __scatterload_zeroinit                   0x080019cf   Thumb Code    14  handlers.o(i.__scatterload_zeroinit)
    capture                                  0x080019dd   Thumb Code   134  main.o(i.capture)
    dma_NVIC                                 0x08001a75   Thumb Code   110  main.o(i.dma_NVIC)
    get_channel                              0x08001ae5   Thumb Code   110  main.o(i.get_channel)
    get_temperature                          0x08001b6d   Thumb Code    78  main.o(i.get_temperature)
    init_dma                                 0x08001bc5   Thumb Code   336  main.o(i.init_dma)
    init_timer                               0x08001d31   Thumb Code   552  main.o(i.init_timer)
    main                                     0x08001f65   Thumb Code   148  main.o(i.main)
    uart_senddata                            0x08002009   Thumb Code    36  main.o(i.uart_senddata)
    write_to_data_buf                        0x08002031   Thumb Code    24  main.o(i.write_to_data_buf)
    Region$$Table$$Base                      0x0800204c   Number         0  anon$$obj.o(Region$$Table)
    Region$$Table$$Limit                     0x0800206c   Number         0  anon$$obj.o(Region$$Table)
    dat                                      0x20000000   Data           1  stm32f10x_it.o(.data)
    allcycle                                 0x20000004   Data           4  stm32f10x_it.o(.data)
    start_judge                              0x20000008   Data           4  stm32f10x_it.o(.data)
    led                                      0x2000000c   Data           4  stm32f10x_it.o(.data)
    state                                    0x20000010   Data           1  main.o(.data)
    UART_SendEnum                            0x20000011   Data           1  main.o(.data)
    bat_volt                                 0x20000012   Data           2  main.o(.data)
    STRING_PIN                               0x20000014   Data           2  main.o(.data)
    size                                     0x20000018   Data           4  main.o(.data)
    Frequency                                0x2000001c   Data           4  main.o(.data)
    Temperature                              0x20000020   Data           4  main.o(.data)
    board_num                                0x20000024   Data           4  main.o(.data)
    STRING_GPIO                              0x20000028   Data           4  main.o(.data)
    STRING_TIM                               0x2000002c   Data           4  main.o(.data)
    STRING_DMA_CHANNEL                       0x20000030   Data           4  main.o(.data)
    adc_channel_map                          0x20000034   Data           6  main.o(.data)
    data_buf                                 0x2000003a   Data          36  main.o(.data)
    start_buf                                0x2000005e   Data          36  main.o(.data)
    reply_buf                                0x20000082   Data          36  main.o(.data)
    mode                                     0x200000a6   Data           1  main.o(.data)
    receive_count                            0x200000a8   Data           4  main.o(.data)
    cycle                                    0x200000c0   Data         120  stm32f10x_it.o(.bss)
    Capture                                  0x20000138   Data         360  main.o(.bss)
    cycleaverage                             0x200002a0   Data          24  main.o(.bss)
    USART_InitStructure                      0x200002b8   Data          16  main.o(.bss)
    SPI_InitStructure                        0x200002c8   Data          18  main.o(.bss)
    receive_buf                              0x200002da   Data          15  main.o(.bss)
    __initial_sp                             0x200006f0   Data           0  startup_stm32f10x_hd_vl.o(STACK)



==============================================================================

Memory Map of the image

  Image Entry point : 0x08000135

  Load Region LR_IROM1 (Base: 0x08000000, Size: 0x0000212c, Max: 0x00080000, ABSOLUTE)

    Execution Region ER_IROM1 (Exec base: 0x08000000, Load base: 0x08000000, Size: 0x0000206c, Max: 0x00080000, ABSOLUTE)

    Exec Addr    Load Addr    Size         Type   Attr      Idx    E Section Name        Object

    0x08000000   0x08000000   0x00000134   Data   RO         3506    RESET               startup_stm32f10x_hd_vl.o
    0x08000134   0x08000134   0x00000000   Code   RO         3511  * .ARM.Collect$$$$00000000  mc_w.l(entry.o)
    0x08000134   0x08000134   0x00000004   Code   RO         3524    .ARM.Collect$$$$00000001  mc_w.l(entry2.o)
    0x08000138   0x08000138   0x00000004   Code   RO         3527    .ARM.Collect$$$$00000004  mc_w.l(entry5.o)
    0x0800013c   0x0800013c   0x00000000   Code   RO         3529    .ARM.Collect$$$$00000008  mc_w.l(entry7b.o)
    0x0800013c   0x0800013c   0x00000000   Code   RO         3531    .ARM.Collect$$$$0000000A  mc_w.l(entry8b.o)
    0x0800013c   0x0800013c   0x00000008   Code   RO         3532    .ARM.Collect$$$$0000000B  mc_w.l(entry9a.o)
    0x08000144   0x08000144   0x00000000   Code   RO         3534    .ARM.Collect$$$$0000000D  mc_w.l(entry10a.o)
    0x08000144   0x08000144   0x00000000   Code   RO         3536    .ARM.Collect$$$$0000000F  mc_w.l(entry11a.o)
    0x08000144   0x08000144   0x00000004   Code   RO         3525    .ARM.Collect$$$$00002712  mc_w.l(entry2.o)
    0x08000148   0x08000148   0x00000024   Code   RO         3507    .text               startup_stm32f10x_hd_vl.o
    0x0800016c   0x0800016c   0x000000b0   Code   RO         3514    .text               mf_w.l(fadd.o)
    0x0800021c   0x0800021c   0x0000007c   Code   RO         3516    .text               mf_w.l(fdiv.o)
    0x08000298   0x08000298   0x00000018   Code   RO         3518    .text               mf_w.l(fscalb.o)
    0x080002b0   0x080002b0   0x0000000a   Code   RO         3520    .text               mf_w.l(ffltui.o)
    0x080002ba   0x080002ba   0x00000028   Code   RO         3522    .text               mf_w.l(ffixui.o)
    0x080002e2   0x080002e2   0x00000000   Code   RO         3538    .text               mc_w.l(iusefp.o)
    0x080002e2   0x080002e2   0x0000006e   Code   RO         3539    .text               mf_w.l(fepilogue.o)
    0x08000350   0x08000350   0x00000024   Code   RO         3541    .text               mc_w.l(init.o)
    0x08000374   0x08000374   0x00000014   Code   RO         1783    i.ADC_Cmd           stm32f10x_adc.o
    0x08000388   0x08000388   0x00000068   Code   RO          209    i.ADC_Configuration  main.o
    0x080003f0   0x080003f0   0x00000044   Code   RO         1785    i.ADC_DeInit        stm32f10x_adc.o
    0x08000434   0x08000434   0x0000000e   Code   RO         1791    i.ADC_GetCalibrationStatus  stm32f10x_adc.o
    0x08000442   0x08000442   0x00000006   Code   RO         1792    i.ADC_GetConversionValue  stm32f10x_adc.o
    0x08000448   0x08000448   0x0000000e   Code   RO         1794    i.ADC_GetFlagStatus  stm32f10x_adc.o
    0x08000456   0x08000456   0x0000000e   Code   RO         1797    i.ADC_GetResetCalibrationStatus  stm32f10x_adc.o
    0x08000464   0x08000464   0x00000048   Code   RO         1801    i.ADC_Init          stm32f10x_adc.o
    0x080004ac   0x080004ac   0x00000074   Code   RO         1805    i.ADC_RegularChannelConfig  stm32f10x_adc.o
    0x08000520   0x08000520   0x0000000a   Code   RO         1806    i.ADC_ResetCalibration  stm32f10x_adc.o
    0x0800052a   0x0800052a   0x00000014   Code   RO         1808    i.ADC_SoftwareStartConvCmd  stm32f10x_adc.o
    0x0800053e   0x0800053e   0x0000000a   Code   RO         1810    i.ADC_StartCalibration  stm32f10x_adc.o
    0x08000548   0x08000548   0x00000002   Code   RO            1    i.BusFault_Handler  stm32f10x_it.o
    0x0800054a   0x0800054a   0x0000001a   Code   RO          210    i.DELAY             main.o
    0x08000564   0x08000564   0x000000bc   Code   RO            2    i.DMA1_Channel1_IRQHandler  stm32f10x_it.o
    0x08000620   0x08000620   0x000000bc   Code   RO            3    i.DMA1_Channel2_IRQHandler  stm32f10x_it.o
    0x080006dc   0x080006dc   0x000000c4   Code   RO            4    i.DMA1_Channel3_IRQHandler  stm32f10x_it.o
    0x080007a0   0x080007a0   0x000000c4   Code   RO            5    i.DMA1_Channel5_IRQHandler  stm32f10x_it.o
    0x08000864   0x08000864   0x000000c4   Code   RO            6    i.DMA1_Channel6_IRQHandler  stm32f10x_it.o
    0x08000928   0x08000928   0x000000c0   Code   RO            7    i.DMA1_Channel7_IRQHandler  stm32f10x_it.o
    0x080009e8   0x080009e8   0x00000018   Code   RO         1495    i.DMA_ClearFlag     stm32f10x_dma.o
    0x08000a00   0x08000a00   0x00000016   Code   RO         1497    i.DMA_Cmd           stm32f10x_dma.o
    0x08000a16   0x08000a16   0x00000002   PAD
    0x08000a18   0x08000a18   0x000000e4   Code   RO         1498    i.DMA_DeInit        stm32f10x_dma.o
    0x08000afc   0x08000afc   0x00000020   Code   RO         1500    i.DMA_GetFlagStatus  stm32f10x_dma.o
    0x08000b1c   0x08000b1c   0x00000010   Code   RO         1502    i.DMA_ITConfig      stm32f10x_dma.o
    0x08000b2c   0x08000b2c   0x0000003a   Code   RO         1503    i.DMA_Init          stm32f10x_dma.o
    0x08000b66   0x08000b66   0x00000002   Code   RO            8    i.DebugMon_Handler  stm32f10x_it.o
    0x08000b68   0x08000b68   0x00000110   Code   RO          211    i.GPIO_Configuration  main.o
    0x08000c78   0x08000c78   0x000000a2   Code   RO          643    i.GPIO_Init         stm32f10x_gpio.o
    0x08000d1a   0x08000d1a   0x00000002   PAD
    0x08000d1c   0x08000d1c   0x00000058   Code   RO          645    i.GPIO_PinRemapConfig  stm32f10x_gpio.o
    0x08000d74   0x08000d74   0x00000004   Code   RO          650    i.GPIO_ResetBits    stm32f10x_gpio.o
    0x08000d78   0x08000d78   0x00000004   Code   RO          651    i.GPIO_SetBits      stm32f10x_gpio.o
    0x08000d7c   0x08000d7c   0x00000002   Code   RO            9    i.HardFault_Handler  stm32f10x_it.o
    0x08000d7e   0x08000d7e   0x00000002   PAD
    0x08000d80   0x08000d80   0x00000074   Code   RO          212    i.MEASUREMENT       main.o
    0x08000df4   0x08000df4   0x00000002   Code   RO           10    i.MemManage_Handler  stm32f10x_it.o
    0x08000df6   0x08000df6   0x00000002   Code   RO           11    i.NMI_Handler       stm32f10x_it.o
    0x08000df8   0x08000df8   0x00000024   Code   RO          213    i.NVIC_Configuration  main.o
    0x08000e1c   0x08000e1c   0x00000064   Code   RO          757    i.NVIC_Init         misc.o
    0x08000e80   0x08000e80   0x00000014   Code   RO          758    i.NVIC_PriorityGroupConfig  misc.o
    0x08000e94   0x08000e94   0x00000002   Code   RO           12    i.PendSV_Handler    stm32f10x_it.o
    0x08000e96   0x08000e96   0x00000002   PAD
    0x08000e98   0x08000e98   0x00000014   Code   RO          362    i.RCC_ADCCLKConfig  stm32f10x_rcc.o
    0x08000eac   0x08000eac   0x00000018   Code   RO          363    i.RCC_AHBPeriphClockCmd  stm32f10x_rcc.o
    0x08000ec4   0x08000ec4   0x00000018   Code   RO          364    i.RCC_APB1PeriphClockCmd  stm32f10x_rcc.o
    0x08000edc   0x08000edc   0x00000018   Code   RO          365    i.RCC_APB1PeriphResetCmd  stm32f10x_rcc.o
    0x08000ef4   0x08000ef4   0x00000018   Code   RO          366    i.RCC_APB2PeriphClockCmd  stm32f10x_rcc.o
    0x08000f0c   0x08000f0c   0x00000018   Code   RO          367    i.RCC_APB2PeriphResetCmd  stm32f10x_rcc.o
    0x08000f24   0x08000f24   0x0000003e   Code   RO          214    i.RCC_Configuration  main.o
    0x08000f62   0x08000f62   0x00000002   PAD
    0x08000f64   0x08000f64   0x00000098   Code   RO          374    i.RCC_GetClocksFreq  stm32f10x_rcc.o
    0x08000ffc   0x08000ffc   0x00000044   Code   RO          215    i.SPI_Configuration  main.o
    0x08001040   0x08001040   0x00000038   Code   RO          871    i.SPI_Init          stm32f10x_spi.o
    0x08001078   0x08001078   0x00000014   Code   RO          873    i.SPI_SSOutputCmd   stm32f10x_spi.o
    0x0800108c   0x0800108c   0x00000002   Code   RO           13    i.SVC_Handler       stm32f10x_it.o
    0x0800108e   0x0800108e   0x00000002   PAD
    0x08001090   0x08001090   0x00000088   Code   RO         3475    i.SetSysClockTo24   system_stm32f10x.o
    0x08001118   0x08001118   0x00000002   Code   RO           14    i.SysTick_Handler   stm32f10x_it.o
    0x0800111a   0x0800111a   0x00000002   PAD
    0x0800111c   0x0800111c   0x00000054   Code   RO         3477    i.SystemInit        system_stm32f10x.o
    0x08001170   0x08001170   0x0000006c   Code   RO         2874    i.TI1_Config        stm32f10x_tim.o
    0x080011dc   0x080011dc   0x0000007c   Code   RO         2875    i.TI2_Config        stm32f10x_tim.o
    0x08001258   0x08001258   0x00000044   Code   RO           15    i.TIM6_DAC_IRQHandler  stm32f10x_it.o
    0x0800129c   0x0800129c   0x00000014   Code   RO         2876    i.TIM_ARRPreloadConfig  stm32f10x_tim.o
    0x080012b0   0x080012b0   0x00000006   Code   RO         2883    i.TIM_ClearITPendingBit  stm32f10x_tim.o
    0x080012b6   0x080012b6   0x00000014   Code   RO         2888    i.TIM_Cmd           stm32f10x_tim.o
    0x080012ca   0x080012ca   0x00000010   Code   RO         2891    i.TIM_DMACmd        stm32f10x_tim.o
    0x080012da   0x080012da   0x00000008   Code   RO         2892    i.TIM_DMAConfig     stm32f10x_tim.o
    0x080012e2   0x080012e2   0x00000002   PAD
    0x080012e4   0x080012e4   0x00000170   Code   RO         2893    i.TIM_DeInit        stm32f10x_tim.o
    0x08001454   0x08001454   0x00000018   Code   RO         2909    i.TIM_GetITStatus   stm32f10x_tim.o
    0x0800146c   0x0800146c   0x0000012c   Code   RO         2911    i.TIM_ICInit        stm32f10x_tim.o
    0x08001598   0x08001598   0x00000010   Code   RO         2913    i.TIM_ITConfig      stm32f10x_tim.o
    0x080015a8   0x080015a8   0x0000000a   Code   RO         2915    i.TIM_InternalClockConfig  stm32f10x_tim.o
    0x080015b2   0x080015b2   0x0000000c   Code   RO         2941    i.TIM_SelectInputTrigger  stm32f10x_tim.o
    0x080015be   0x080015be   0x00000010   Code   RO         2942    i.TIM_SelectMasterSlaveMode  stm32f10x_tim.o
    0x080015ce   0x080015ce   0x00000010   Code   RO         2946    i.TIM_SelectSlaveMode  stm32f10x_tim.o
    0x080015de   0x080015de   0x00000010   Code   RO         2954    i.TIM_SetIC1Prescaler  stm32f10x_tim.o
    0x080015ee   0x080015ee   0x00000018   Code   RO         2955    i.TIM_SetIC2Prescaler  stm32f10x_tim.o
    0x08001606   0x08001606   0x00000010   Code   RO         2956    i.TIM_SetIC3Prescaler  stm32f10x_tim.o
    0x08001616   0x08001616   0x00000018   Code   RO         2957    i.TIM_SetIC4Prescaler  stm32f10x_tim.o
    0x0800162e   0x0800162e   0x00000002   PAD
    0x08001630   0x08001630   0x0000009c   Code   RO         2959    i.TIM_TimeBaseInit  stm32f10x_tim.o
    0x080016cc   0x080016cc   0x00000124   Code   RO           16    i.USART3_IRQHandler  stm32f10x_it.o
    0x080017f0   0x080017f0   0x00000014   Code   RO         1127    i.USART_Cmd         stm32f10x_usart.o
    0x08001804   0x08001804   0x00000080   Code   RO          216    i.USART_Configuration  main.o
    0x08001884   0x08001884   0x0000000e   Code   RO         1130    i.USART_GetFlagStatus  stm32f10x_usart.o
    0x08001892   0x08001892   0x0000003e   Code   RO         1131    i.USART_GetITStatus  stm32f10x_usart.o
    0x080018d0   0x080018d0   0x00000030   Code   RO         1133    i.USART_ITConfig    stm32f10x_usart.o
    0x08001900   0x08001900   0x000000ac   Code   RO         1134    i.USART_Init        stm32f10x_usart.o
    0x080019ac   0x080019ac   0x00000008   Code   RO         1141    i.USART_ReceiveData  stm32f10x_usart.o
    0x080019b4   0x080019b4   0x00000008   Code   RO         1144    i.USART_SendData    stm32f10x_usart.o
    0x080019bc   0x080019bc   0x00000002   Code   RO           17    i.UsageFault_Handler  stm32f10x_it.o
    0x080019be   0x080019be   0x0000000e   Code   RO         3545    i.__scatterload_copy  mc_w.l(handlers.o)
    0x080019cc   0x080019cc   0x00000002   Code   RO         3546    i.__scatterload_null  mc_w.l(handlers.o)
    0x080019ce   0x080019ce   0x0000000e   Code   RO         3547    i.__scatterload_zeroinit  mc_w.l(handlers.o)
    0x080019dc   0x080019dc   0x00000098   Code   RO          217    i.capture           main.o
    0x08001a74   0x08001a74   0x0000006e   Code   RO          218    i.dma_NVIC          main.o
    0x08001ae2   0x08001ae2   0x00000002   PAD
    0x08001ae4   0x08001ae4   0x00000088   Code   RO          221    i.get_channel       main.o
    0x08001b6c   0x08001b6c   0x00000058   Code   RO          222    i.get_temperature   main.o
    0x08001bc4   0x08001bc4   0x0000016c   Code   RO          223    i.init_dma          main.o
    0x08001d30   0x08001d30   0x00000234   Code   RO          224    i.init_timer        main.o
    0x08001f64   0x08001f64   0x000000a4   Code   RO          225    i.main              main.o
    0x08002008   0x08002008   0x00000028   Code   RO          226    i.uart_senddata     main.o
    0x08002030   0x08002030   0x0000001c   Code   RO          227    i.write_to_data_buf  main.o
    0x0800204c   0x0800204c   0x00000020   Data   RO         3543    Region$$Table       anon$$obj.o


    Execution Region RW_IRAM1 (Exec base: 0x20000000, Load base: 0x0800206c, Size: 0x000006f0, Max: 0x00010000, ABSOLUTE)

    Exec Addr    Load Addr    Size         Type   Attr      Idx    E Section Name        Object

    0x20000000   0x0800206c   0x00000010   Data   RW           19    .data               stm32f10x_it.o
    0x20000010   0x0800207c   0x00000096   Data   RW          231    .data               main.o
    0x200000a6   0x08002112   0x00000001   Data   RW          232    .data               main.o
    0x200000a7   0x08002113   0x00000001   PAD
    0x200000a8   0x08002114   0x00000004   Data   RW          234    .data               main.o
    0x200000ac   0x08002118   0x00000014   Data   RW          395    .data               stm32f10x_rcc.o
    0x200000c0        -       0x00000078   Zero   RW           18    .bss                stm32f10x_it.o
    0x20000138        -       0x000001a2   Zero   RW          228    .bss                main.o
    0x200002da        -       0x0000000f   Zero   RW          229    .bss                main.o
    0x200002e9   0x0800212c   0x00000007   PAD
    0x200002f0        -       0x00000400   Zero   RW         3504    STACK               startup_stm32f10x_hd_vl.o


==============================================================================

Image component sizes


      Code (inc. data)   RO Data    RW Data    ZI Data      Debug   Object Name

         0          0          0          0          0         32   core_cm3.o
      2458        174          0        155        433     231277   main.o
       120         16          0          0          0       3755   misc.o
        36          8        308          0       1024        956   startup_stm32f10x_hd_vl.o
       364         22          0          0          0      19250   stm32f10x_adc.o
       380         26          0          0          0      16181   stm32f10x_dma.o
       258          6          0          0          0      23086   stm32f10x_gpio.o
      1534        236          0         16        120      78825   stm32f10x_it.o
       292         52          0         20          0      18147   stm32f10x_rcc.o
        76          0          0          0          0       9653   stm32f10x_spi.o
      1300        168          0          0          0      36975   stm32f10x_tim.o
       332          6          0          0          0      13373   stm32f10x_usart.o
       220         22          0          0          0       1709   system_stm32f10x.o

    ----------------------------------------------------------------------
      7390        736        340        192       1584     453219   Object Totals
         0          0         32          0          0          0   (incl. Generated)
        20          0          0          1          7          0   (incl. Padding)

    ----------------------------------------------------------------------

      Code (inc. data)   RO Data    RW Data    ZI Data      Debug   Library Member Name

         0          0          0          0          0          0   entry.o
         0          0          0          0          0          0   entry10a.o
         0          0          0          0          0          0   entry11a.o
         8          4          0          0          0          0   entry2.o
         4          0          0          0          0          0   entry5.o
         0          0          0          0          0          0   entry7b.o
         0          0          0          0          0          0   entry8b.o
         8          4          0          0          0          0   entry9a.o
        30          0          0          0          0          0   handlers.o
        36          8          0          0          0         68   init.o
         0          0          0          0          0          0   iusefp.o
       176          0          0          0          0        140   fadd.o
       124          0          0          0          0         88   fdiv.o
       110          0          0          0          0        168   fepilogue.o
        40          0          0          0          0         68   ffixui.o
        10          0          0          0          0         68   ffltui.o
        24          0          0          0          0         68   fscalb.o

    ----------------------------------------------------------------------
       570         16          0          0          0        668   Library Totals
         0          0          0          0          0          0   (incl. Padding)

    ----------------------------------------------------------------------

      Code (inc. data)   RO Data    RW Data    ZI Data      Debug   Library Name

        86         16          0          0          0         68   mc_w.l
       484          0          0          0          0        600   mf_w.l

    ----------------------------------------------------------------------
       570         16          0          0          0        668   Library Totals

    ----------------------------------------------------------------------

==============================================================================


      Code (inc. data)   RO Data    RW Data    ZI Data      Debug   

      7960        752        340        192       1584     449047   Grand Totals
      7960        752        340        192       1584     449047   ELF Image Totals
      7960        752        340        192          0          0   ROM Totals

==============================================================================

    Total RO  Size (Code + RO Data)                 8300 (   8.11kB)
    Total RW  Size (RW Data + ZI Data)              1776 (   1.73kB)
    Total ROM Size (Code + RO Data + RW Data)       8492 (   8.29kB)

==============================================================================

