<html>
<body>
<pre>
<h1>礦ision Build Log</h1>
<h2>Tool Versions:</h2>
IDE-Version: μVision V5.16a
Copyright (C) 2015 ARM Ltd and ARM Germany GmbH. All rights reserved.
License Information: qian Microsoft, Microsoft, LIC=CZLII-T3898-3YEVY-I5TRE-XWRZZ-ZM2W1
 
Tool Versions:
Toolchain:       MDK-ARM Standard  Version: 5.16a
Toolchain Path:  C:\Keil_v5\ARM\ARMCC\Bin
C Compiler:      Armcc.exe V5.06 (build 20)
Assembler:       Armasm.exe V5.06 (build 20)
Linker/Locator:  ArmLink.exe V5.06 (build 20)
Library Manager: ArmAr.exe V5.06 (build 20)
Hex Converter:   FromElf.exe V5.06 (build 20)
CPU DLL:         SARMCM3.DLL V5.16a
Dialog DLL:      DCM.DLL V1.13.2.0
Target DLL:      STLink\ST-LINKIII-KEIL_SWO.dll V2.0.17.0
Dialog DLL:      TCM.DLL V1.14.5.0
 
<h2>Project:</h2>
C:\Users\zwq\Desktop\zigbee\24MDMA激频拾频 6通道  带休眠 改ID\Project\STM32F10x_StdPeriph_Template\MDK-ARM\Project.uvproj
Project File Date:  05/18/2017

<h2>Output:</h2>
*** Using Compiler 'V5.06 (build 20)', folder: 'C:\Keil_v5\ARM\ARMCC\Bin'
Rebuild target 'STM32100E-EVAL'
compiling main.c...
compiling stm32f10x_rcc.c...
compiling stm32f10x_it.c...
..\stm32f10x_it.c(458): warning:  #177-D: label "defualt" was declared but never referenced
  					defualt:break;
..\stm32f10x_it.c: 1 warning, 0 errors
compiling stm32f10x_exti.c...
compiling stm32f10x_gpio.c...
compiling misc.c...
compiling stm32f10x_spi.c...
compiling stm32f10x_fsmc.c...
compiling stm32f10x_usart.c...
compiling stm32f10x_dma.c...
compiling stm32f10x_sdio.c...
compiling stm32f10x_i2c.c...
compiling stm32f10x_adc.c...
compiling stm32f10x_bkp.c...
compiling stm32f10x_cec.c...
compiling stm32f10x_crc.c...
compiling stm32f10x_can.c...
compiling stm32f10x_dac.c...
compiling stm32f10x_dbgmcu.c...
compiling stm32f10x_iwdg.c...
compiling stm32f10x_flash.c...
compiling stm32f10x_rtc.c...
compiling stm32f10x_pwr.c...
compiling stm32f10x_wwdg.c...
compiling stm32f10x_tim.c...
assembling startup_stm32f10x_hd_vl.s...
compiling core_cm3.c...
compiling system_stm32f10x.c...
linking...
Program Size: Code=7580 RO-data=340 RW-data=180 ZI-data=1580  
".\STM32100E-EVAL\STM32100E-EVAL.axf" - 0 Error(s), 1 Warning(s).
Build Time Elapsed:  00:00:19
</pre>
</body>
</html>
